Command line invocation:
    /Applications/Xcode.app/Contents/Developer/usr/bin/xcodebuild -workspace CompoApp.xcworkspace -scheme CompoApp -sdk iphonesimulator -destination "platform=iOS Simulator,name=iPhone 17" build

Build settings from command line:
    SDKROOT = iphonesimulator26.4

Resolve Package Graph


Resolved source packages:
  AppRouter: /Users/ghw/acode/AppRouter @ local
  AdapterSwift: https://github.com/intsig171/AdapterSwift.git @ 1.1.2
  HotSwiftUI: /Users/ghw/workspace/CompoApp/HotSwiftUI

ComputePackagePrebuildTargetDependencyGraph

Prepare packages

CreateBuildRequest

SendProjectDescription

CreateBuildOperation

ComputeTargetDependencyGraph
note: Building targets in dependency order
note: Target dependency graph (17 targets)
    Target 'CompoApp' in project 'CompoApp'
        ➜ Implicit dependency on target 'Pods-CompoApp' in project 'Pods' via file 'Pods_CompoApp.framework' in build phase 'Link Binary'
        ➜ Implicit dependency on target 'Alamofire' in project 'Pods' via options '-framework Alamofire' in build setting 'OTHER_LDFLAGS'
        ➜ Implicit dependency on target 'CleanJSON' in project 'Pods' via options '-framework CleanJSON' in build setting 'OTHER_LDFLAGS'
        ➜ Implicit dependency on target 'RxAlamofire' in project 'Pods' via options '-framework RxAlamofire' in build setting 'OTHER_LDFLAGS'
        ➜ Implicit dependency on target 'RxCocoa' in project 'Pods' via options '-framework RxCocoa' in build setting 'OTHER_LDFLAGS'
        ➜ Implicit dependency on target 'RxRelay' in project 'Pods' via options '-framework RxRelay' in build setting 'OTHER_LDFLAGS'
        ➜ Implicit dependency on target 'RxSwift' in project 'Pods' via options '-framework RxSwift' in build setting 'OTHER_LDFLAGS'
        ➜ Implicit dependency on target 'SVProgressHUD' in project 'Pods' via options '-framework SVProgressHUD' in build setting 'OTHER_LDFLAGS'
        ➜ Explicit dependency on target 'AppRouter' in project 'AppRouter'
        ➜ Explicit dependency on target 'AdapterSwift' in project 'AdapterSwift'
    Target 'AdapterSwift' in project 'AdapterSwift'
        ➜ Explicit dependency on target 'AdapterSwift' in project 'AdapterSwift'
    Target 'AdapterSwift' in project 'AdapterSwift' (no dependencies)
    Target 'AppRouter' in project 'AppRouter'
        ➜ Explicit dependency on target 'AppRouter' in project 'AppRouter'
    Target 'AppRouter' in project 'AppRouter' (no dependencies)
    Target 'Pods-CompoApp' in project 'Pods'
        ➜ Explicit dependency on target 'Alamofire' in project 'Pods'
        ➜ Explicit dependency on target 'CleanJSON' in project 'Pods'
        ➜ Explicit dependency on target 'RxAlamofire' in project 'Pods'
        ➜ Explicit dependency on target 'RxCocoa' in project 'Pods'
        ➜ Explicit dependency on target 'RxRelay' in project 'Pods'
        ➜ Explicit dependency on target 'RxSwift' in project 'Pods'
        ➜ Explicit dependency on target 'SVProgressHUD' in project 'Pods'
    Target 'SVProgressHUD' in project 'Pods' (no dependencies)
    Target 'RxCocoa' in project 'Pods'
        ➜ Explicit dependency on target 'RxCocoa-RxCocoa_Privacy' in project 'Pods'
        ➜ Explicit dependency on target 'RxRelay' in project 'Pods'
        ➜ Explicit dependency on target 'RxSwift' in project 'Pods'
    Target 'RxCocoa-RxCocoa_Privacy' in project 'Pods'
        ➜ Implicit dependency on target 'RxRelay' in project 'Pods' via options '-framework RxRelay' in build setting 'OTHER_LDFLAGS'
        ➜ Implicit dependency on target 'RxSwift' in project 'Pods' via options '-framework RxSwift' in build setting 'OTHER_LDFLAGS'
    Target 'RxRelay' in project 'Pods'
        ➜ Explicit dependency on target 'RxRelay-RxRelay_Privacy' in project 'Pods'
        ➜ Explicit dependency on target 'RxSwift' in project 'Pods'
    Target 'RxRelay-RxRelay_Privacy' in project 'Pods'
        ➜ Implicit dependency on target 'RxSwift' in project 'Pods' via options '-framework RxSwift' in build setting 'OTHER_LDFLAGS'
    Target 'RxAlamofire' in project 'Pods'
        ➜ Explicit dependency on target 'Alamofire' in project 'Pods'
        ➜ Explicit dependency on target 'RxSwift' in project 'Pods'
    Target 'RxSwift' in project 'Pods'
        ➜ Explicit dependency on target 'RxSwift-RxSwift_Privacy' in project 'Pods'
    Target 'RxSwift-RxSwift_Privacy' in project 'Pods' (no dependencies)
    Target 'CleanJSON' in project 'Pods' (no dependencies)
    Target 'Alamofire' in project 'Pods'
        ➜ Explicit dependency on target 'Alamofire-Alamofire' in project 'Pods'
    Target 'Alamofire-Alamofire' in project 'Pods' (no dependencies)

GatherProvisioningInputs

CreateBuildDescription

ExecuteExternalTool /Applications/Xcode.app/Contents/Developer/Toolchains/XcodeDefault.xctoolchain/usr/bin/clang -v -E -dM -arch arm64 -isysroot /Applications/Xcode.app/Contents/Developer/Platforms/iPhoneSimulator.platform/Developer/SDKs/iPhoneSimulator26.4.sdk -x c -c /dev/null

ExecuteExternalTool /Applications/Xcode.app/Contents/Developer/Toolchains/XcodeDefault.xctoolchain/usr/bin/swiftc --version

ExecuteExternalTool /Applications/Xcode.app/Contents/Developer/Toolchains/XcodeDefault.xctoolchain/usr/bin/clang -v -E -dM -isysroot /Applications/Xcode.app/Contents/Developer/Platforms/iPhoneSimulator.platform/Developer/SDKs/iPhoneSimulator26.4.sdk -x c -c /dev/null

ExecuteExternalTool /Applications/Xcode.app/Contents/Developer/usr/bin/actool --print-asset-tag-combinations --output-format xml1 /Users/ghw/workspace/CompoApp/CompoApp/Assets.xcassets

ExecuteExternalTool /Applications/Xcode.app/Contents/Developer/Toolchains/XcodeDefault.xctoolchain/usr/bin/ld -version_details

ExecuteExternalTool /Applications/Xcode.app/Contents/Developer/Toolchains/XcodeDefault.xctoolchain/usr/bin/clang -v -E -dM -arch arm64 -isysroot /Applications/Xcode.app/Contents/Developer/Platforms/iPhoneSimulator.platform/Developer/SDKs/iPhoneSimulator26.4.sdk -x objective-c -c /dev/null

ExecuteExternalTool /Applications/Xcode.app/Contents/Developer/Toolchains/XcodeDefault.xctoolchain/usr/bin/libtool -V

ExecuteExternalTool /Applications/Xcode.app/Contents/Developer/usr/bin/actool --version --output-format xml1

Build description signature: bc95142522539c41a4c1ef9212ad7a11
Build description path: /Users/ghw/Library/Developer/Xcode/DerivedData/CompoApp-fjlsagmxnlsxqlembsqtbpqhzfgw/Build/Intermediates.noindex/XCBuildData/bc95142522539c41a4c1ef9212ad7a11.xcbuilddata
ClangStatCache /Applications/Xcode.app/Contents/Developer/Toolchains/XcodeDefault.xctoolchain/usr/bin/clang-stat-cache /Applications/Xcode.app/Contents/Developer/Platforms/iPhoneSimulator.platform/Developer/SDKs/iPhoneSimulator26.4.sdk /Users/ghw/Library/Developer/Xcode/DerivedData/SDKStatCaches.noindex/iphonesimulator26.4-23E237-686eebb5dc1d8ecb277353a59184f4aa.sdkstatcache
    cd /Users/ghw/workspace/CompoApp
    /Applications/Xcode.app/Contents/Developer/Toolchains/XcodeDefault.xctoolchain/usr/bin/clang-stat-cache /Applications/Xcode.app/Contents/Developer/Platforms/iPhoneSimulator.platform/Developer/SDKs/iPhoneSimulator26.4.sdk -o /Users/ghw/Library/Developer/Xcode/DerivedData/SDKStatCaches.noindex/iphonesimulator26.4-23E237-686eebb5dc1d8ecb277353a59184f4aa.sdkstatcache

ProcessInfoPlistFile /Users/ghw/Library/Developer/Xcode/DerivedData/CompoApp-fjlsagmxnlsxqlembsqtbpqhzfgw/Build/Products/Debug-iphonesimulator/SVProgressHUD/SVProgressHUD.framework/Info.plist /Users/ghw/workspace/CompoApp/Pods/Target\ Support\ Files/SVProgressHUD/SVProgressHUD-Info.plist (in target 'SVProgressHUD' from project 'Pods')
    cd /Users/ghw/workspace/CompoApp/Pods
    builtin-infoPlistUtility /Users/ghw/workspace/CompoApp/Pods/Target\ Support\ Files/SVProgressHUD/SVProgressHUD-Info.plist -producttype com.apple.product-type.framework -expandbuildsettings -format binary -platform iphonesimulator -o /Users/ghw/Library/Developer/Xcode/DerivedData/CompoApp-fjlsagmxnlsxqlembsqtbpqhzfgw/Build/Products/Debug-iphonesimulator/SVProgressHUD/SVProgressHUD.framework/Info.plist

ProcessInfoPlistFile /Users/ghw/Library/Developer/Xcode/DerivedData/CompoApp-fjlsagmxnlsxqlembsqtbpqhzfgw/Build/Products/Debug-iphonesimulator/RxSwift/RxSwift_Privacy.bundle/Info.plist /Users/ghw/workspace/CompoApp/Pods/Target\ Support\ Files/RxSwift/ResourceBundle-RxSwift_Privacy-RxSwift-Info.plist (in target 'RxSwift-RxSwift_Privacy' from project 'Pods')
    cd /Users/ghw/workspace/CompoApp/Pods
    builtin-infoPlistUtility /Users/ghw/workspace/CompoApp/Pods/Target\ Support\ Files/RxSwift/ResourceBundle-RxSwift_Privacy-RxSwift-Info.plist -producttype com.apple.product-type.bundle -expandbuildsettings -format binary -platform iphonesimulator -o /Users/ghw/Library/Developer/Xcode/DerivedData/CompoApp-fjlsagmxnlsxqlembsqtbpqhzfgw/Build/Products/Debug-iphonesimulator/RxSwift/RxSwift_Privacy.bundle/Info.plist

ProcessInfoPlistFile /Users/ghw/Library/Developer/Xcode/DerivedData/CompoApp-fjlsagmxnlsxqlembsqtbpqhzfgw/Build/Products/Debug-iphonesimulator/CleanJSON/CleanJSON.framework/Info.plist /Users/ghw/workspace/CompoApp/Pods/Target\ Support\ Files/CleanJSON/CleanJSON-Info.plist (in target 'CleanJSON' from project 'Pods')
    cd /Users/ghw/workspace/CompoApp/Pods
    builtin-infoPlistUtility /Users/ghw/workspace/CompoApp/Pods/Target\ Support\ Files/CleanJSON/CleanJSON-Info.plist -producttype com.apple.product-type.framework -expandbuildsettings -format binary -platform iphonesimulator -o /Users/ghw/Library/Developer/Xcode/DerivedData/CompoApp-fjlsagmxnlsxqlembsqtbpqhzfgw/Build/Products/Debug-iphonesimulator/CleanJSON/CleanJSON.framework/Info.plist

ProcessInfoPlistFile /Users/ghw/Library/Developer/Xcode/DerivedData/CompoApp-fjlsagmxnlsxqlembsqtbpqhzfgw/Build/Products/Debug-iphonesimulator/Alamofire/Alamofire.bundle/Info.plist /Users/ghw/workspace/CompoApp/Pods/Target\ Support\ Files/Alamofire/ResourceBundle-Alamofire-Alamofire-Info.plist (in target 'Alamofire-Alamofire' from project 'Pods')
    cd /Users/ghw/workspace/CompoApp/Pods
    builtin-infoPlistUtility /Users/ghw/workspace/CompoApp/Pods/Target\ Support\ Files/Alamofire/ResourceBundle-Alamofire-Alamofire-Info.plist -producttype com.apple.product-type.bundle -expandbuildsettings -format binary -platform iphonesimulator -o /Users/ghw/Library/Developer/Xcode/DerivedData/CompoApp-fjlsagmxnlsxqlembsqtbpqhzfgw/Build/Products/Debug-iphonesimulator/Alamofire/Alamofire.bundle/Info.plist

ProcessInfoPlistFile /Users/ghw/Library/Developer/Xcode/DerivedData/CompoApp-fjlsagmxnlsxqlembsqtbpqhzfgw/Build/Products/Debug-iphonesimulator/RxSwift/RxSwift.framework/Info.plist /Users/ghw/workspace/CompoApp/Pods/Target\ Support\ Files/RxSwift/RxSwift-Info.plist (in target 'RxSwift' from project 'Pods')
    cd /Users/ghw/workspace/CompoApp/Pods
    builtin-infoPlistUtility /Users/ghw/workspace/CompoApp/Pods/Target\ Support\ Files/RxSwift/RxSwift-Info.plist -producttype com.apple.product-type.framework -expandbuildsettings -format binary -platform iphonesimulator -o /Users/ghw/Library/Developer/Xcode/DerivedData/CompoApp-fjlsagmxnlsxqlembsqtbpqhzfgw/Build/Products/Debug-iphonesimulator/RxSwift/RxSwift.framework/Info.plist

ProcessInfoPlistFile /Users/ghw/Library/Developer/Xcode/DerivedData/CompoApp-fjlsagmxnlsxqlembsqtbpqhzfgw/Build/Products/Debug-iphonesimulator/Alamofire/Alamofire.framework/Info.plist /Users/ghw/workspace/CompoApp/Pods/Target\ Support\ Files/Alamofire/Alamofire-Info.plist (in target 'Alamofire' from project 'Pods')
    cd /Users/ghw/workspace/CompoApp/Pods
    builtin-infoPlistUtility /Users/ghw/workspace/CompoApp/Pods/Target\ Support\ Files/Alamofire/Alamofire-Info.plist -producttype com.apple.product-type.framework -expandbuildsettings -format binary -platform iphonesimulator -o /Users/ghw/Library/Developer/Xcode/DerivedData/CompoApp-fjlsagmxnlsxqlembsqtbpqhzfgw/Build/Products/Debug-iphonesimulator/Alamofire/Alamofire.framework/Info.plist

/Users/ghw/workspace/CompoApp/Pods/Pods.xcodeproj: warning: The iOS Simulator deployment target 'IPHONEOS_DEPLOYMENT_TARGET' is set to 9.0, but the range of supported deployment target versions is 12.0 to 26.4.99. (in target 'RxRelay-RxRelay_Privacy' from project 'Pods')
ProcessInfoPlistFile /Users/ghw/Library/Developer/Xcode/DerivedData/CompoApp-fjlsagmxnlsxqlembsqtbpqhzfgw/Build/Products/Debug-iphonesimulator/RxRelay/RxRelay_Privacy.bundle/Info.plist /Users/ghw/workspace/CompoApp/Pods/Target\ Support\ Files/RxRelay/ResourceBundle-RxRelay_Privacy-RxRelay-Info.plist (in target 'RxRelay-RxRelay_Privacy' from project 'Pods')
    cd /Users/ghw/workspace/CompoApp/Pods
    builtin-infoPlistUtility /Users/ghw/workspace/CompoApp/Pods/Target\ Support\ Files/RxRelay/ResourceBundle-RxRelay_Privacy-RxRelay-Info.plist -producttype com.apple.product-type.bundle -expandbuildsettings -format binary -platform iphonesimulator -o /Users/ghw/Library/Developer/Xcode/DerivedData/CompoApp-fjlsagmxnlsxqlembsqtbpqhzfgw/Build/Products/Debug-iphonesimulator/RxRelay/RxRelay_Privacy.bundle/Info.plist

ProcessInfoPlistFile /Users/ghw/Library/Developer/Xcode/DerivedData/CompoApp-fjlsagmxnlsxqlembsqtbpqhzfgw/Build/Products/Debug-iphonesimulator/RxAlamofire/RxAlamofire.framework/Info.plist /Users/ghw/workspace/CompoApp/Pods/Target\ Support\ Files/RxAlamofire/RxAlamofire-Info.plist (in target 'RxAlamofire' from project 'Pods')
    cd /Users/ghw/workspace/CompoApp/Pods
    builtin-infoPlistUtility /Users/ghw/workspace/CompoApp/Pods/Target\ Support\ Files/RxAlamofire/RxAlamofire-Info.plist -producttype com.apple.product-type.framework -expandbuildsettings -format binary -platform iphonesimulator -o /Users/ghw/Library/Developer/Xcode/DerivedData/CompoApp-fjlsagmxnlsxqlembsqtbpqhzfgw/Build/Products/Debug-iphonesimulator/RxAlamofire/RxAlamofire.framework/Info.plist

/Users/ghw/workspace/CompoApp/Pods/Pods.xcodeproj: warning: The iOS Simulator deployment target 'IPHONEOS_DEPLOYMENT_TARGET' is set to 9.0, but the range of supported deployment target versions is 12.0 to 26.4.99. (in target 'RxRelay' from project 'Pods')
ProcessInfoPlistFile /Users/ghw/Library/Developer/Xcode/DerivedData/CompoApp-fjlsagmxnlsxqlembsqtbpqhzfgw/Build/Products/Debug-iphonesimulator/RxRelay/RxRelay.framework/Info.plist /Users/ghw/workspace/CompoApp/Pods/Target\ Support\ Files/RxRelay/RxRelay-Info.plist (in target 'RxRelay' from project 'Pods')
    cd /Users/ghw/workspace/CompoApp/Pods
    builtin-infoPlistUtility /Users/ghw/workspace/CompoApp/Pods/Target\ Support\ Files/RxRelay/RxRelay-Info.plist -producttype com.apple.product-type.framework -expandbuildsettings -format binary -platform iphonesimulator -o /Users/ghw/Library/Developer/Xcode/DerivedData/CompoApp-fjlsagmxnlsxqlembsqtbpqhzfgw/Build/Products/Debug-iphonesimulator/RxRelay/RxRelay.framework/Info.plist

/Users/ghw/workspace/CompoApp/Pods/Pods.xcodeproj: warning: The iOS Simulator deployment target 'IPHONEOS_DEPLOYMENT_TARGET' is set to 9.0, but the range of supported deployment target versions is 12.0 to 26.4.99. (in target 'RxCocoa-RxCocoa_Privacy' from project 'Pods')
ProcessInfoPlistFile /Users/ghw/Library/Developer/Xcode/DerivedData/CompoApp-fjlsagmxnlsxqlembsqtbpqhzfgw/Build/Products/Debug-iphonesimulator/RxCocoa/RxCocoa_Privacy.bundle/Info.plist /Users/ghw/workspace/CompoApp/Pods/Target\ Support\ Files/RxCocoa/ResourceBundle-RxCocoa_Privacy-RxCocoa-Info.plist (in target 'RxCocoa-RxCocoa_Privacy' from project 'Pods')
    cd /Users/ghw/workspace/CompoApp/Pods
    builtin-infoPlistUtility /Users/ghw/workspace/CompoApp/Pods/Target\ Support\ Files/RxCocoa/ResourceBundle-RxCocoa_Privacy-RxCocoa-Info.plist -producttype com.apple.product-type.bundle -expandbuildsettings -format binary -platform iphonesimulator -o /Users/ghw/Library/Developer/Xcode/DerivedData/CompoApp-fjlsagmxnlsxqlembsqtbpqhzfgw/Build/Products/Debug-iphonesimulator/RxCocoa/RxCocoa_Privacy.bundle/Info.plist

/Users/ghw/workspace/CompoApp/Pods/Pods.xcodeproj: warning: The iOS Simulator deployment target 'IPHONEOS_DEPLOYMENT_TARGET' is set to 9.0, but the range of supported deployment target versions is 12.0 to 26.4.99. (in target 'RxCocoa' from project 'Pods')
ProcessInfoPlistFile /Users/ghw/Library/Developer/Xcode/DerivedData/CompoApp-fjlsagmxnlsxqlembsqtbpqhzfgw/Build/Products/Debug-iphonesimulator/RxCocoa/RxCocoa.framework/Info.plist /Users/ghw/workspace/CompoApp/Pods/Target\ Support\ Files/RxCocoa/RxCocoa-Info.plist (in target 'RxCocoa' from project 'Pods')
    cd /Users/ghw/workspace/CompoApp/Pods
    builtin-infoPlistUtility /Users/ghw/workspace/CompoApp/Pods/Target\ Support\ Files/RxCocoa/RxCocoa-Info.plist -producttype com.apple.product-type.framework -expandbuildsettings -format binary -platform iphonesimulator -o /Users/ghw/Library/Developer/Xcode/DerivedData/CompoApp-fjlsagmxnlsxqlembsqtbpqhzfgw/Build/Products/Debug-iphonesimulator/RxCocoa/RxCocoa.framework/Info.plist

ProcessInfoPlistFile /Users/ghw/Library/Developer/Xcode/DerivedData/CompoApp-fjlsagmxnlsxqlembsqtbpqhzfgw/Build/Products/Debug-iphonesimulator/Pods_CompoApp.framework/Info.plist /Users/ghw/workspace/CompoApp/Pods/Target\ Support\ Files/Pods-CompoApp/Pods-CompoApp-Info.plist (in target 'Pods-CompoApp' from project 'Pods')
    cd /Users/ghw/workspace/CompoApp/Pods
    builtin-infoPlistUtility /Users/ghw/workspace/CompoApp/Pods/Target\ Support\ Files/Pods-CompoApp/Pods-CompoApp-Info.plist -producttype com.apple.product-type.framework -expandbuildsettings -format binary -platform iphonesimulator -o /Users/ghw/Library/Developer/Xcode/DerivedData/CompoApp-fjlsagmxnlsxqlembsqtbpqhzfgw/Build/Products/Debug-iphonesimulator/Pods_CompoApp.framework/Info.plist

warning: Run script build phase 'Run Script' will be run during every build because it does not specify any outputs. To address this issue, either add output dependencies to the script phase, or configure it to run in every build by unchecking "Based on dependency analysis" in the script phase. (in target 'CompoApp' from project 'CompoApp')
warning: Run script build phase 'InjectionIII Bundle Copy' will be run during every build because it does not specify any outputs. To address this issue, either add output dependencies to the script phase, or configure it to run in every build by unchecking "Based on dependency analysis" in the script phase. (in target 'CompoApp' from project 'CompoApp')
SwiftDriver CompoApp normal arm64 com.apple.xcode.tools.swift.compiler (in target 'CompoApp' from project 'CompoApp')
    cd /Users/ghw/workspace/CompoApp
    builtin-SwiftDriver -- /Applications/Xcode.app/Contents/Developer/Toolchains/XcodeDefault.xctoolchain/usr/bin/swiftc -module-name CompoApp -Onone @/Users/ghw/Library/Developer/Xcode/DerivedData/CompoApp-fjlsagmxnlsxqlembsqtbpqhzfgw/Build/Intermediates.noindex/CompoApp.build/Debug-iphonesimulator/CompoApp.build/Objects-normal/arm64/CompoApp.SwiftFileList -DDEBUG -D COCOAPODS -default-isolation\=MainActor -enable-bare-slash-regex -enable-upcoming-feature DisableOutwardActorInference -enable-upcoming-feature InferSendableFromCaptures -enable-upcoming-feature GlobalActorIsolatedTypesUsability -enable-upcoming-feature MemberImportVisibility -enable-upcoming-feature InferIsolatedConformances -enable-upcoming-feature NonisolatedNonsendingByDefault -enable-experimental-feature DebugDescriptionMacro -sdk /Applications/Xcode.app/Contents/Developer/Platforms/iPhoneSimulator.platform/Developer/SDKs/iPhoneSimulator26.4.sdk -target arm64-apple-ios16.1-simulator -g -module-cache-path /Users/ghw/Library/Developer/Xcode/DerivedData/ModuleCache.noindex -Xfrontend -serialize-debugging-options -profile-coverage-mapping -profile-generate -enable-testing -index-store-path /Users/ghw/Library/Developer/Xcode/DerivedData/CompoApp-fjlsagmxnlsxqlembsqtbpqhzfgw/Index.noindex/DataStore -Xcc -D_LIBCPP_HARDENING_MODE\=_LIBCPP_HARDENING_MODE_DEBUG -swift-version 5 -I /Users/ghw/Library/Developer/Xcode/DerivedData/CompoApp-fjlsagmxnlsxqlembsqtbpqhzfgw/Build/Products/Debug-iphonesimulator -F /Users/ghw/Library/Developer/Xcode/DerivedData/CompoApp-fjlsagmxnlsxqlembsqtbpqhzfgw/Build/Products/Debug-iphonesimulator/PackageFrameworks -F /Users/ghw/Library/Developer/Xcode/DerivedData/CompoApp-fjlsagmxnlsxqlembsqtbpqhzfgw/Build/Products/Debug-iphonesimulator/PackageFrameworks -F /Users/ghw/Library/Developer/Xcode/DerivedData/CompoApp-fjlsagmxnlsxqlembsqtbpqhzfgw/Build/Products/Debug-iphonesimulator -F /Users/ghw/Library/Developer/Xcode/DerivedData/CompoApp-fjlsagmxnlsxqlembsqtbpqhzfgw/Build/Products/Debug-iphonesimulator/Alamofire -F /Users/ghw/Library/Developer/Xcode/DerivedData/CompoApp-fjlsagmxnlsxqlembsqtbpqhzfgw/Build/Products/Debug-iphonesimulator/CleanJSON -F /Users/ghw/Library/Developer/Xcode/DerivedData/CompoApp-fjlsagmxnlsxqlembsqtbpqhzfgw/Build/Products/Debug-iphonesimulator/RxAlamofire -F /Users/ghw/Library/Developer/Xcode/DerivedData/CompoApp-fjlsagmxnlsxqlembsqtbpqhzfgw/Build/Products/Debug-iphonesimulator/RxCocoa -F /Users/ghw/Library/Developer/Xcode/DerivedData/CompoApp-fjlsagmxnlsxqlembsqtbpqhzfgw/Build/Products/Debug-iphonesimulator/RxRelay -F /Users/ghw/Library/Developer/Xcode/DerivedData/CompoApp-fjlsagmxnlsxqlembsqtbpqhzfgw/Build/Products/Debug-iphonesimulator/RxSwift -F /Users/ghw/Library/Developer/Xcode/DerivedData/CompoApp-fjlsagmxnlsxqlembsqtbpqhzfgw/Build/Products/Debug-iphonesimulator/SVProgressHUD -emit-localized-strings -emit-localized-strings-path /Users/ghw/Library/Developer/Xcode/DerivedData/CompoApp-fjlsagmxnlsxqlembsqtbpqhzfgw/Build/Intermediates.noindex/CompoApp.build/Debug-iphonesimulator/CompoApp.build/Objects-normal/arm64 -c -j10 -enable-batch-mode -incremental -Xcc -ivfsstatcache -Xcc /Users/ghw/Library/Developer/Xcode/DerivedData/SDKStatCaches.noindex/iphonesimulator26.4-23E237-686eebb5dc1d8ecb277353a59184f4aa.sdkstatcache -output-file-map /Users/ghw/Library/Developer/Xcode/DerivedData/CompoApp-fjlsagmxnlsxqlembsqtbpqhzfgw/Build/Intermediates.noindex/CompoApp.build/Debug-iphonesimulator/CompoApp.build/Objects-normal/arm64/CompoApp-OutputFileMap.json -use-frontend-parseable-output -save-temps -no-color-diagnostics -explicit-module-build -module-cache-path /Users/ghw/Library/Developer/Xcode/DerivedData/CompoApp-fjlsagmxnlsxqlembsqtbpqhzfgw/Build/Intermediates.noindex/SwiftExplicitPrecompiledModules -clang-scanner-module-cache-path /Users/ghw/Library/Developer/Xcode/DerivedData/ModuleCache.noindex -sdk-module-cache-path /Users/ghw/Library/Developer/Xcode/DerivedData/ModuleCache.noindex -serialize-diagnostics -emit-dependencies -emit-module -emit-module-path /Users/ghw/Library/Developer/Xcode/DerivedData/CompoApp-fjlsagmxnlsxqlembsqtbpqhzfgw/Build/Intermediates.noindex/CompoApp.build/Debug-iphonesimulator/CompoApp.build/Objects-normal/arm64/CompoApp.swiftmodule -validate-clang-modules-once -clang-build-session-file /Users/ghw/Library/Developer/Xcode/DerivedData/ModuleCache.noindex/Session.modulevalidation -Xcc -I/Users/ghw/Library/Developer/Xcode/DerivedData/CompoApp-fjlsagmxnlsxqlembsqtbpqhzfgw/Build/Intermediates.noindex/CompoApp.build/Debug-iphonesimulator/CompoApp.build/swift-overrides.hmap -emit-const-values -Xfrontend -const-gather-protocols-file -Xfrontend /Users/ghw/Library/Developer/Xcode/DerivedData/CompoApp-fjlsagmxnlsxqlembsqtbpqhzfgw/Build/Intermediates.noindex/CompoApp.build/Debug-iphonesimulator/CompoApp.build/Objects-normal/arm64/CompoApp_const_extract_protocols.json -Xcc -iquote -Xcc /Users/ghw/Library/Developer/Xcode/DerivedData/CompoApp-fjlsagmxnlsxqlembsqtbpqhzfgw/Build/Intermediates.noindex/CompoApp.build/Debug-iphonesimulator/CompoApp.build/CompoApp-generated-files.hmap -Xcc -I/Users/ghw/Library/Developer/Xcode/DerivedData/CompoApp-fjlsagmxnlsxqlembsqtbpqhzfgw/Build/Intermediates.noindex/CompoApp.build/Debug-iphonesimulator/CompoApp.build/CompoApp-own-target-headers.hmap -Xcc -I/Users/ghw/Library/Developer/Xcode/DerivedData/CompoApp-fjlsagmxnlsxqlembsqtbpqhzfgw/Build/Intermediates.noindex/CompoApp.build/Debug-iphonesimulator/CompoApp.build/CompoApp-all-non-framework-target-headers.hmap -Xcc -ivfsoverlay -Xcc /Users/ghw/Library/Developer/Xcode/DerivedData/CompoApp-fjlsagmxnlsxqlembsqtbpqhzfgw/Build/Intermediates.noindex/CompoApp.build/Debug-iphonesimulator/CompoApp-34ba441826d6f9ca071c39c767afbd41-VFS-iphonesimulator/all-product-headers.yaml -Xcc -iquote -Xcc /Users/ghw/Library/Developer/Xcode/DerivedData/CompoApp-fjlsagmxnlsxqlembsqtbpqhzfgw/Build/Intermediates.noindex/CompoApp.build/Debug-iphonesimulator/CompoApp.build/CompoApp-project-headers.hmap -Xcc -I/Users/ghw/Library/Developer/Xcode/DerivedData/CompoApp-fjlsagmxnlsxqlembsqtbpqhzfgw/Build/Products/Debug-iphonesimulator/include -Xcc -I/Users/ghw/Library/Developer/Xcode/DerivedData/CompoApp-fjlsagmxnlsxqlembsqtbpqhzfgw/Build/Products/Debug-iphonesimulator/Alamofire/Alamofire.framework/Headers -Xcc -I/Users/ghw/Library/Developer/Xcode/DerivedData/CompoApp-fjlsagmxnlsxqlembsqtbpqhzfgw/Build/Products/Debug-iphonesimulator/CleanJSON/CleanJSON.framework/Headers -Xcc -I/Users/ghw/Library/Developer/Xcode/DerivedData/CompoApp-fjlsagmxnlsxqlembsqtbpqhzfgw/Build/Products/Debug-iphonesimulator/RxAlamofire/RxAlamofire.framework/Headers -Xcc -I/Users/ghw/Library/Developer/Xcode/DerivedData/CompoApp-fjlsagmxnlsxqlembsqtbpqhzfgw/Build/Products/Debug-iphonesimulator/RxCocoa/RxCocoa.framework/Headers -Xcc -I/Users/ghw/Library/Developer/Xcode/DerivedData/CompoApp-fjlsagmxnlsxqlembsqtbpqhzfgw/Build/Products/Debug-iphonesimulator/RxRelay/RxRelay.framework/Headers -Xcc -I/Users/ghw/Library/Developer/Xcode/DerivedData/CompoApp-fjlsagmxnlsxqlembsqtbpqhzfgw/Build/Products/Debug-iphonesimulator/RxSwift/RxSwift.framework/Headers -Xcc -I/Users/ghw/Library/Developer/Xcode/DerivedData/CompoApp-fjlsagmxnlsxqlembsqtbpqhzfgw/Build/Products/Debug-iphonesimulator/SVProgressHUD/SVProgressHUD.framework/Headers -Xcc -I/Users/ghw/Library/Developer/Xcode/DerivedData/CompoApp-fjlsagmxnlsxqlembsqtbpqhzfgw/Build/Intermediates.noindex/CompoApp.build/Debug-iphonesimulator/CompoApp.build/DerivedSources-normal/arm64 -Xcc -I/Users/ghw/Library/Developer/Xcode/DerivedData/CompoApp-fjlsagmxnlsxqlembsqtbpqhzfgw/Build/Intermediates.noindex/CompoApp.build/Debug-iphonesimulator/CompoApp.build/DerivedSources/arm64 -Xcc -I/Users/ghw/Library/Developer/Xcode/DerivedData/CompoApp-fjlsagmxnlsxqlembsqtbpqhzfgw/Build/Intermediates.noindex/CompoApp.build/Debug-iphonesimulator/CompoApp.build/DerivedSources -Xcc -DDEBUG\=1 -Xcc -DCOCOAPODS\=1 -emit-objc-header -emit-objc-header-path /Users/ghw/Library/Developer/Xcode/DerivedData/CompoApp-fjlsagmxnlsxqlembsqtbpqhzfgw/Build/Intermediates.noindex/CompoApp.build/Debug-iphonesimulator/CompoApp.build/Objects-normal/arm64/CompoApp-Swift.h -working-directory /Users/ghw/workspace/CompoApp -experimental-emit-module-separately -disable-cmo

ProcessInfoPlistFile /Users/ghw/Library/Developer/Xcode/DerivedData/CompoApp-fjlsagmxnlsxqlembsqtbpqhzfgw/Build/Products/Debug-iphonesimulator/CompoApp.app/Info.plist /Users/ghw/workspace/CompoApp/CompoApp/Info.plist (in target 'CompoApp' from project 'CompoApp')
    cd /Users/ghw/workspace/CompoApp
    builtin-infoPlistUtility /Users/ghw/workspace/CompoApp/CompoApp/Info.plist -producttype com.apple.product-type.application -genpkginfo /Users/ghw/Library/Developer/Xcode/DerivedData/CompoApp-fjlsagmxnlsxqlembsqtbpqhzfgw/Build/Products/Debug-iphonesimulator/CompoApp.app/PkgInfo -expandbuildsettings -format binary -platform iphonesimulator -additionalcontentfile /Users/ghw/Library/Developer/Xcode/DerivedData/CompoApp-fjlsagmxnlsxqlembsqtbpqhzfgw/Build/Intermediates.noindex/CompoApp.build/Debug-iphonesimulator/CompoApp.build/assetcatalog_generated_info.plist -o /Users/ghw/Library/Developer/Xcode/DerivedData/CompoApp-fjlsagmxnlsxqlembsqtbpqhzfgw/Build/Products/Debug-iphonesimulator/CompoApp.app/Info.plist

SwiftCompile normal arm64 Compiling\ MatchScoringView.swift /Users/ghw/workspace/CompoApp/CompoApp/views/match/MatchScoringView.swift (in target 'CompoApp' from project 'CompoApp')

SwiftCompile normal arm64 /Users/ghw/workspace/CompoApp/CompoApp/views/match/MatchScoringView.swift (in target 'CompoApp' from project 'CompoApp')
    cd /Users/ghw/workspace/CompoApp
    
/Users/ghw/workspace/CompoApp/CompoApp/views/match/alert/ConfirmBeginMatchPopUpView.swift:48:6: warning: previewInterfaceOrientation is ignored in a #Preview macro. Use the `traits` argument of the macro to provide the desired orientation, e.g. `.landscapeLeft`. (from macro 'Preview')
    .previewInterfaceOrientation(.landscapeLeft)
     ^
/Users/ghw/workspace/CompoApp/CompoApp/views/match/alert/ConfirmEndMatchPopUpView.swift:53:6: warning: previewInterfaceOrientation is ignored in a #Preview macro. Use the `traits` argument of the macro to provide the desired orientation, e.g. `.landscapeLeft`. (from macro 'Preview')
    .previewInterfaceOrientation(.landscapeLeft)
     ^
/Users/ghw/workspace/CompoApp/CompoApp/views/match/alert/CourtChangeExampleView.swift:48:10: warning: previewInterfaceOrientation is ignored in a #Preview macro. Use the `traits` argument of the macro to provide the desired orientation, e.g. `.landscapeLeft`. (from macro 'Preview')
        .previewInterfaceOrientation(.landscapeLeft)
         ^
/Users/ghw/workspace/CompoApp/CompoApp/views/match/alert/CourtChangePopupView.swift:111:10: warning: previewInterfaceOrientation is ignored in a #Preview macro. Use the `traits` argument of the macro to provide the desired orientation, e.g. `.landscapeLeft`. (from macro 'Preview')
        .previewInterfaceOrientation(.landscapeLeft)
         ^
/Users/ghw/workspace/CompoApp/CompoApp/views/match/alert/DoubleMatchResultEntryView.swift:319:4: warning: previewInterfaceOrientation is ignored in a #Preview macro. Use the `traits` argument of the macro to provide the desired orientation, e.g. `.landscapeLeft`. (from macro 'Preview')
  .previewInterfaceOrientation(.landscapeLeft)
   ^
/Users/ghw/workspace/CompoApp/CompoApp/views/match/alert/MatchEventLogPopupView.swift:305:4: warning: previewInterfaceOrientation is ignored in a #Preview macro. Use the `traits` argument of the macro to provide the desired orientation, e.g. `.landscapeLeft`. (from macro 'Preview')
  .previewInterfaceOrientation(.landscapeLeft)
   ^
/Users/ghw/workspace/CompoApp/CompoApp/views/match/alert/MessageNotificationExampleView.swift:47:10: warning: previewInterfaceOrientation is ignored in a #Preview macro. Use the `traits` argument of the macro to provide the desired orientation, e.g. `.landscapeLeft`. (from macro 'Preview')
        .previewInterfaceOrientation(.landscapeLeft)
         ^
/Users/ghw/workspace/CompoApp/CompoApp/views/match/alert/MessageNotificationPopupView.swift:179:10: warning: previewInterfaceOrientation is ignored in a #Preview macro. Use the `traits` argument of the macro to provide the desired orientation, e.g. `.landscapeLeft`. (from macro 'Preview')
        .previewInterfaceOrientation(.landscapeLeft)
         ^
/Users/ghw/workspace/CompoApp/CompoApp/views/match/alert/SingleMatchResultEntryView.swift:265:4: warning: previewInterfaceOrientation is ignored in a #Preview macro. Use the `traits` argument of the macro to provide the desired orientation, e.g. `.landscapeLeft`. (from macro 'Preview')
  .previewInterfaceOrientation(.landscapeLeft)
   ^
/Users/ghw/workspace/CompoApp/CompoApp/views/match/MatchScoringView.swift:108:15: error: the compiler is unable to type-check this expression in reasonable time; try breaking up the expression into distinct sub-expressions
              VStack {
              ^~~~~~~~
/Users/ghw/workspace/CompoApp/CompoApp/views/match/MatchScoringView.swift:477:11: warning: variable 'offsetX' was never mutated; consider changing to 'let' constant
      var offsetX: CGFloat = isLeft ? -104 : 104
      ~~~ ^
      let
/Users/ghw/workspace/CompoApp/CompoApp/views/match/MatchScoringView.swift:478:11: warning: variable 'offsetY' was never mutated; consider changing to 'let' constant
      var offsetY: CGFloat = isTop ? -48 : 48
      ~~~ ^
      let

/Applications/Xcode.app/Contents/Developer/Toolchains/XcodeDefault.xctoolchain/usr/bin/swift-frontend -frontend -c /Users/ghw/workspace/CompoApp/CompoApp/models/BadmintonCompetitionRespVO.swift /Users/ghw/workspace/CompoApp/CompoApp/models/UserInfo.swift /Users/ghw/workspace/CompoApp/CompoApp/models/UserModel.swift /Users/ghw/workspace/CompoApp/CompoApp/models/WyBadmintonScheduleProgramModel.swift /Users/ghw/workspace/CompoApp/CompoApp/models/WyFileCreateModel.swift /Users/ghw/workspace/CompoApp/CompoApp/models/WyFilePresignedUrlModel.swift /Users/ghw/workspace/CompoApp/CompoApp/models/WyRefereeBatchUpdateScoreRequest.swift /Users/ghw/workspace/CompoApp/CompoApp/models/WyRefereeMatchForfeitRequest.swift /Users/ghw/workspace/CompoApp/CompoApp/models/WyRefereeMatchScoreDetailModel.swift /Users/ghw/workspace/CompoApp/CompoApp/models/WyRefereeScoreAdjustDetailRequest.swift /Users/ghw/workspace/CompoApp/CompoApp/models/WyRefereeScoreAdjustModel.swift /Users/ghw/workspace/CompoApp/CompoApp/models/WyRefereeScoreAdjustRequest.swift /Users/ghw/workspace/CompoApp/CompoApp/models/WyRefereeSignatureRequest.swift /Users/ghw/workspace/CompoApp/CompoApp/models/WyRefereeWarmupUpdateRequest.swift /Users/ghw/workspace/CompoApp/CompoApp/modules/base/BaseListVm.swift /Users/ghw/workspace/CompoApp/CompoApp/modules/base/BaseVm.swift /Users/ghw/workspace/CompoApp/CompoApp/modules/home/ContentVm.swift /Users/ghw/workspace/CompoApp/CompoApp/modules/login/LoginVm.swift /Users/ghw/workspace/CompoApp/CompoApp/network/APIConfig.swift /Users/ghw/workspace/CompoApp/CompoApp/network/APIManager.swift /Users/ghw/workspace/CompoApp/CompoApp/network/APIManagerTestView.swift /Users/ghw/workspace/CompoApp/CompoApp/network/AuthInterceptor.swift /Users/ghw/workspace/CompoApp/CompoApp/network/BaseModel.swift /Users/ghw/workspace/CompoApp/CompoApp/network/UploadAPI.swift /Users/ghw/workspace/CompoApp/CompoApp/network/UserAPI.swift /Users/ghw/workspace/CompoApp/CompoApp/network/WyBadmintonRefereeAPI.swift /Users/ghw/workspace/CompoApp/CompoApp/routes/AppRoutes.swift /Users/ghw/workspace/CompoApp/CompoApp/utils/ColorUtil.swift /Users/ghw/workspace/CompoApp/CompoApp/utils/NumUtil.swift /Users/ghw/workspace/CompoApp/CompoApp/utils/ScreenInfo.swift /Users/ghw/workspace/CompoApp/CompoApp/utils/SpUtil.swift /Users/ghw/workspace/CompoApp/CompoApp/utils/ViewUtil.swift /Users/ghw/workspace/CompoApp/CompoApp/views/home/GameOnGoingListView.swift /Users/ghw/workspace/CompoApp/CompoApp/views/login/LoginView.swift /Users/ghw/workspace/CompoApp/CompoApp/views/match/alert/BgAlertActions.swift /Users/ghw/workspace/CompoApp/CompoApp/views/match/alert/ConfirmBeginMatchPopUpView.swift /Users/ghw/workspace/CompoApp/CompoApp/views/match/alert/ConfirmEndMatchPopUpView.swift /Users/ghw/workspace/CompoApp/CompoApp/views/match/alert/CourtChangeExampleView.swift /Users/ghw/workspace/CompoApp/CompoApp/views/match/alert/CourtChangePopupView.swift /Users/ghw/workspace/CompoApp/CompoApp/views/match/alert/DoubleMatchResultEntryView.swift /Users/ghw/workspace/CompoApp/CompoApp/views/match/alert/MatchEventLogPopupView.swift /Users/ghw/workspace/CompoApp/CompoApp/views/match/alert/MatchResultPopupWrapper.swift /Users/ghw/workspace/CompoApp/CompoApp/views/match/alert/MessageNotificationExampleView.swift /Users/ghw/workspace/CompoApp/CompoApp/views/match/alert/MessageNotificationPopupView.swift /Users/ghw/workspace/CompoApp/CompoApp/views/match/alert/SingleMatchResultEntryView.swift /Users/ghw/workspace/CompoApp/CompoApp/views/match/alert/WarmupTimerExampleView.swift /Users/ghw/workspace/CompoApp/CompoApp/views/match/alert/WarmupTimerPopupView.swift /Users/ghw/workspace/CompoApp/CompoApp/views/match/viewmodel/GameDetailHomeVm.swift /Users/ghw/workspace/CompoApp/CompoApp/views/match/MatchCardActionsView.swift /Users/ghw/workspace/CompoApp/CompoApp/views/match/MatchCardViews.swift /Users/ghw/workspace/CompoApp/CompoApp/views/match/MatchDetailHomeView.swift /Users/ghw/workspace/CompoApp/CompoApp/views/match/MatchScoringConfirmView.swift /Users/ghw/workspace/CompoApp/CompoApp/views/match/MatchScoringStore.swift -primary-file /Users/ghw/workspace/CompoApp/CompoApp/views/match/MatchScoringView.swift /Users/ghw/workspace/CompoApp/CompoApp/views/match/MatchSignatureView.swift /Users/ghw/workspace/CompoApp/CompoApp/views/match/MatchSignatureVm.swift /Users/ghw/workspace/CompoApp/CompoApp/views/other/AvatarViews.swift /Users/ghw/workspace/CompoApp/CompoApp/views/other/MyAssetImage.swift /Users/ghw/workspace/CompoApp/CompoApp/views/other/MyBtns.swift /Users/ghw/workspace/CompoApp/CompoApp/views/other/MyNetImage.swift /Users/ghw/workspace/CompoApp/CompoApp/views/other/PullToRefreshUtil.swift /Users/ghw/workspace/CompoApp/CompoApp/views/other/ScoreCenterView.swift /Users/ghw/workspace/CompoApp/CompoApp/views/other/ScreenRotationExampleView.swift /Users/ghw/workspace/CompoApp/CompoApp/views/other/UIConfig.swift /Users/ghw/workspace/CompoApp/CompoApp/views/other/ViewWidget.swift /Users/ghw/workspace/CompoApp/CompoApp/views/topbar/HomeHeaderView.swift /Users/ghw/workspace/CompoApp/CompoApp/views/topbar/HomeTopBar.swift /Users/ghw/workspace/CompoApp/CompoApp/AppDelegate.swift /Users/ghw/workspace/CompoApp/CompoApp/CompoAppApp.swift /Users/ghw/workspace/CompoApp/CompoApp/ContentView.swift /Users/ghw/workspace/CompoApp/CompoApp/GlobalImports.swift /Users/ghw/workspace/CompoApp/CompoApp/RootView.swift /Users/ghw/Library/Developer/Xcode/DerivedData/CompoApp-fjlsagmxnlsxqlembsqtbpqhzfgw/Build/Intermediates.noindex/CompoApp.build/Debug-iphonesimulator/CompoApp.build/DerivedSources/GeneratedAssetSymbols.swift -emit-dependencies-path /Users/ghw/Library/Developer/Xcode/DerivedData/CompoApp-fjlsagmxnlsxqlembsqtbpqhzfgw/Build/Intermediates.noindex/CompoApp.build/Debug-iphonesimulator/CompoApp.build/Objects-normal/arm64/MatchScoringView.d -emit-const-values-path /Users/ghw/Library/Developer/Xcode/DerivedData/CompoApp-fjlsagmxnlsxqlembsqtbpqhzfgw/Build/Intermediates.noindex/CompoApp.build/Debug-iphonesimulator/CompoApp.build/Objects-normal/arm64/MatchScoringView.swiftconstvalues -emit-reference-dependencies-path /Users/ghw/Library/Developer/Xcode/DerivedData/CompoApp-fjlsagmxnlsxqlembsqtbpqhzfgw/Build/Intermediates.noindex/CompoApp.build/Debug-iphonesimulator/CompoApp.build/Objects-normal/arm64/MatchScoringView.swiftdeps -serialize-diagnostics-path /Users/ghw/Library/Developer/Xcode/DerivedData/CompoApp-fjlsagmxnlsxqlembsqtbpqhzfgw/Build/Intermediates.noindex/CompoApp.build/Debug-iphonesimulator/CompoApp.build/Objects-normal/arm64/MatchScoringView.dia -emit-localized-strings -emit-localized-strings-path /Users/ghw/Library/Developer/Xcode/DerivedData/CompoApp-fjlsagmxnlsxqlembsqtbpqhzfgw/Build/Intermediates.noindex/CompoApp.build/Debug-iphonesimulator/CompoApp.build/Objects-normal/arm64 -target arm64-apple-ios16.1-simulator -module-can-import-version DeveloperToolsSupport 23.40.26 23.40.26 -module-can-import-version SwiftUI 7.4.27.1 7.4.27 -module-can-import-version UIKit 9126.4.27.1 9126.4.27 -load-resolved-plugin /Applications/Xcode.app/Contents/Developer/Platforms/iPhoneOS.platform/Developer/usr/lib/swift/host/plugins/libFoundationMacros.dylib\#/Applications/Xcode.app/Contents/Developer/Platforms/iPhoneOS.platform/Developer/usr/bin/swift-plugin-server\#FoundationMacros -load-resolved-plugin /Applications/Xcode.app/Contents/Developer/Platforms/iPhoneOS.platform/Developer/usr/lib/swift/host/plugins/libObservationMacros.dylib\#/Applications/Xcode.app/Contents/Developer/Platforms/iPhoneOS.platform/Developer/usr/bin/swift-plugin-server\#ObservationMacros -load-resolved-plugin /Applications/Xcode.app/Contents/Developer/Platforms/iPhoneOS.platform/Developer/usr/lib/swift/host/plugins/libPreviewsMacros.dylib\#/Applications/Xcode.app/Contents/Developer/Platforms/iPhoneOS.platform/Developer/usr/bin/swift-plugin-server\#PreviewsMacros -load-resolved-plugin /Applications/Xcode.app/Contents/Developer/Platforms/iPhoneOS.platform/Developer/usr/lib/swift/host/plugins/libSwiftMacros.dylib\#/Applications/Xcode.app/Contents/Developer/Platforms/iPhoneOS.platform/Developer/usr/bin/swift-plugin-server\#SwiftMacros -load-resolved-plugin /Applications/Xcode.app/Contents/Developer/Platforms/iPhoneOS.platform/Developer/usr/lib/swift/host/plugins/libSwiftUIMacros.dylib\#/Applications/Xcode.app/Contents/Developer/Platforms/iPhoneOS.platform/Developer/usr/bin/swift-plugin-server\#SwiftUIMacros -disable-implicit-swift-modules -Xcc -fno-implicit-modules -Xcc -fno-implicit-module-maps -explicit-swift-module-map-file /Users/ghw/Library/Developer/Xcode/DerivedData/CompoApp-fjlsagmxnlsxqlembsqtbpqhzfgw/Build/Intermediates.noindex/CompoApp.build/Debug-iphonesimulator/CompoApp.build/Objects-normal/arm64/CompoApp-dependencies-1.json -debug-module-path /Users/ghw/Library/Developer/Xcode/DerivedData/CompoApp-fjlsagmxnlsxqlembsqtbpqhzfgw/Build/Intermediates.noindex/CompoApp.build/Debug-iphonesimulator/CompoApp.build/Objects-normal/arm64/CompoApp.swiftmodule -Xllvm -aarch64-use-tbi -enable-objc-interop -sdk /Applications/Xcode.app/Contents/Developer/Platforms/iPhoneSimulator.platform/Developer/SDKs/iPhoneSimulator26.4.sdk -I /Users/ghw/Library/Developer/Xcode/DerivedData/CompoApp-fjlsagmxnlsxqlembsqtbpqhzfgw/Build/Products/Debug-iphonesimulator -F /Users/ghw/Library/Developer/Xcode/DerivedData/CompoApp-fjlsagmxnlsxqlembsqtbpqhzfgw/Build/Products/Debug-iphonesimulator/PackageFrameworks -F /Users/ghw/Library/Developer/Xcode/DerivedData/CompoApp-fjlsagmxnlsxqlembsqtbpqhzfgw/Build/Products/Debug-iphonesimulator/PackageFrameworks -F /Users/ghw/Library/Developer/Xcode/DerivedData/CompoApp-fjlsagmxnlsxqlembsqtbpqhzfgw/Build/Products/Debug-iphonesimulator -F /Users/ghw/Library/Developer/Xcode/DerivedData/CompoApp-fjlsagmxnlsxqlembsqtbpqhzfgw/Build/Products/Debug-iphonesimulator/Alamofire -F /Users/ghw/Library/Developer/Xcode/DerivedData/CompoApp-fjlsagmxnlsxqlembsqtbpqhzfgw/Build/Products/Debug-iphonesimulator/CleanJSON -F /Users/ghw/Library/Developer/Xcode/DerivedData/CompoApp-fjlsagmxnlsxqlembsqtbpqhzfgw/Build/Products/Debug-iphonesimulator/RxAlamofire -F /Users/ghw/Library/Developer/Xcode/DerivedData/CompoApp-fjlsagmxnlsxqlembsqtbpqhzfgw/Build/Products/Debug-iphonesimulator/RxCocoa -F /Users/ghw/Library/Developer/Xcode/DerivedData/CompoApp-fjlsagmxnlsxqlembsqtbpqhzfgw/Build/Products/Debug-iphonesimulator/RxRelay -F /Users/ghw/Library/Developer/Xcode/DerivedData/CompoApp-fjlsagmxnlsxqlembsqtbpqhzfgw/Build/Products/Debug-iphonesimulator/RxSwift -F /Users/ghw/Library/Developer/Xcode/DerivedData/CompoApp-fjlsagmxnlsxqlembsqtbpqhzfgw/Build/Products/Debug-iphonesimulator/SVProgressHUD -no-color-diagnostics -Xcc -fno-color-diagnostics -enable-testing -g -debug-info-format\=dwarf -dwarf-version\=4 -module-cache-path /Users/ghw/Library/Developer/Xcode/DerivedData/CompoApp-fjlsagmxnlsxqlembsqtbpqhzfgw/Build/Intermediates.noindex/SwiftExplicitPrecompiledModules -profile-generate -profile-coverage-mapping -swift-version 5 -Onone -D DEBUG -D COCOAPODS -serialize-debugging-options -const-gather-protocols-file /Users/ghw/Library/Developer/Xcode/DerivedData/CompoApp-fjlsagmxnlsxqlembsqtbpqhzfgw/Build/Intermediates.noindex/CompoApp.build/Debug-iphonesimulator/CompoApp.build/Objects-normal/arm64/CompoApp_const_extract_protocols.json -enable-upcoming-feature DisableOutwardActorInference -enable-upcoming-feature InferSendableFromCaptures -enable-upcoming-feature GlobalActorIsolatedTypesUsability -enable-upcoming-feature MemberImportVisibility -enable-upcoming-feature InferIsolatedConformances -enable-upcoming-feature NonisolatedNonsendingByDefault -enable-experimental-feature DebugDescriptionMacro -enable-bare-slash-regex -default-isolation\=MainActor -empty-abi-descriptor -validate-clang-modules-once -clang-build-session-file /Users/ghw/Library/Developer/Xcode/DerivedData/ModuleCache.noindex/Session.modulevalidation -Xcc -working-directory -Xcc /Users/ghw/workspace/CompoApp -enable-anonymous-context-mangled-names -file-compilation-dir /Users/ghw/workspace/CompoApp -Xcc -D_LIBCPP_HARDENING_MODE\=_LIBCPP_HARDENING_MODE_DEBUG -Xcc -ivfsstatcache -Xcc /Users/ghw/Library/Developer/Xcode/DerivedData/SDKStatCaches.noindex/iphonesimulator26.4-23E237-686eebb5dc1d8ecb277353a59184f4aa.sdkstatcache -Xcc -I/Users/ghw/Library/Developer/Xcode/DerivedData/CompoApp-fjlsagmxnlsxqlembsqtbpqhzfgw/Build/Intermediates.noindex/CompoApp.build/Debug-iphonesimulator/CompoApp.build/swift-overrides.hmap -Xcc -iquote -Xcc /Users/ghw/Library/Developer/Xcode/DerivedData/CompoApp-fjlsagmxnlsxqlembsqtbpqhzfgw/Build/Intermediates.noindex/CompoApp.build/Debug-iphonesimulator/CompoApp.build/CompoApp-generated-files.hmap -Xcc -I/Users/ghw/Library/Developer/Xcode/DerivedData/CompoApp-fjlsagmxnlsxqlembsqtbpqhzfgw/Build/Intermediates.noindex/CompoApp.build/Debug-iphonesimulator/CompoApp.build/CompoApp-own-target-headers.hmap -Xcc -I/Users/ghw/Library/Developer/Xcode/DerivedData/CompoApp-fjlsagmxnlsxqlembsqtbpqhzfgw/Build/Intermediates.noindex/CompoApp.build/Debug-iphonesimulator/CompoApp.build/CompoApp-all-non-framework-target-headers.hmap -Xcc -ivfsoverlay -Xcc /Users/ghw/Library/Developer/Xcode/DerivedData/CompoApp-fjlsagmxnlsxqlembsqtbpqhzfgw/Build/Intermediates.noindex/CompoApp.build/Debug-iphonesimulator/CompoApp-34ba441826d6f9ca071c39c767afbd41-VFS-iphonesimulator/all-product-headers.yaml -Xcc -iquote -Xcc /Users/ghw/Library/Developer/Xcode/DerivedData/CompoApp-fjlsagmxnlsxqlembsqtbpqhzfgw/Build/Intermediates.noindex/CompoApp.build/Debug-iphonesimulator/CompoApp.build/CompoApp-project-headers.hmap -Xcc -I/Users/ghw/Library/Developer/Xcode/DerivedData/CompoApp-fjlsagmxnlsxqlembsqtbpqhzfgw/Build/Products/Debug-iphonesimulator/include -Xcc -I/Users/ghw/Library/Developer/Xcode/DerivedData/CompoApp-fjlsagmxnlsxqlembsqtbpqhzfgw/Build/Products/Debug-iphonesimulator/Alamofire/Alamofire.framework/Headers -Xcc -I/Users/ghw/Library/Developer/Xcode/DerivedData/CompoApp-fjlsagmxnlsxqlembsqtbpqhzfgw/Build/Products/Debug-iphonesimulator/CleanJSON/CleanJSON.framework/Headers -Xcc -I/Users/ghw/Library/Developer/Xcode/DerivedData/CompoApp-fjlsagmxnlsxqlembsqtbpqhzfgw/Build/Products/Debug-iphonesimulator/RxAlamofire/RxAlamofire.framework/Headers -Xcc -I/Users/ghw/Library/Developer/Xcode/DerivedData/CompoApp-fjlsagmxnlsxqlembsqtbpqhzfgw/Build/Products/Debug-iphonesimulator/RxCocoa/RxCocoa.framework/Headers -Xcc -I/Users/ghw/Library/Developer/Xcode/DerivedData/CompoApp-fjlsagmxnlsxqlembsqtbpqhzfgw/Build/Products/Debug-iphonesimulator/RxRelay/RxRelay.framework/Headers -Xcc -I/Users/ghw/Library/Developer/Xcode/DerivedData/CompoApp-fjlsagmxnlsxqlembsqtbpqhzfgw/Build/Products/Debug-iphonesimulator/RxSwift/RxSwift.framework/Headers -Xcc -I/Users/ghw/Library/Developer/Xcode/DerivedData/CompoApp-fjlsagmxnlsxqlembsqtbpqhzfgw/Build/Products/Debug-iphonesimulator/SVProgressHUD/SVProgressHUD.framework/Headers -Xcc -I/Users/ghw/Library/Developer/Xcode/DerivedData/CompoApp-fjlsagmxnlsxqlembsqtbpqhzfgw/Build/Intermediates.noindex/CompoApp.build/Debug-iphonesimulator/CompoApp.build/DerivedSources-normal/arm64 -Xcc -I/Users/ghw/Library/Developer/Xcode/DerivedData/CompoApp-fjlsagmxnlsxqlembsqtbpqhzfgw/Build/Intermediates.noindex/CompoApp.build/Debug-iphonesimulator/CompoApp.build/DerivedSources/arm64 -Xcc -I/Users/ghw/Library/Developer/Xcode/DerivedData/CompoApp-fjlsagmxnlsxqlembsqtbpqhzfgw/Build/Intermediates.noindex/CompoApp.build/Debug-iphonesimulator/CompoApp.build/DerivedSources -Xcc -DDEBUG\=1 -Xcc -DCOCOAPODS\=1 -no-auto-bridging-header-chaining -module-name CompoApp -frontend-parseable-output -disable-clang-spi -clang-target arm64-apple-ios26.4-simulator -target-sdk-version 26.4 -target-sdk-name iphonesimulator26.4 -in-process-plugin-server-path /Applications/Xcode.app/Contents/Developer/Toolchains/XcodeDefault.xctoolchain/usr/lib/swift/host/libSwiftInProcPluginServer.dylib -o /Users/ghw/Library/Developer/Xcode/DerivedData/CompoApp-fjlsagmxnlsxqlembsqtbpqhzfgw/Build/Intermediates.noindex/CompoApp.build/Debug-iphonesimulator/CompoApp.build/Objects-normal/arm64/MatchScoringView.o -index-unit-output-path /CompoApp.build/Debug-iphonesimulator/CompoApp.build/Objects-normal/arm64/MatchScoringView.o -index-store-path /Users/ghw/Library/Developer/Xcode/DerivedData/CompoApp-fjlsagmxnlsxqlembsqtbpqhzfgw/Index.noindex/DataStore -index-system-modules
SwiftEmitModule normal arm64 Emitting\ module\ for\ CompoApp (in target 'CompoApp' from project 'CompoApp')
/Applications/Xcode.app/Contents/Developer/Toolchains/XcodeDefault.xctoolchain/usr/bin/swift-frontend -frontend -emit-module -experimental-skip-non-inlinable-function-bodies-without-types /Users/ghw/workspace/CompoApp/CompoApp/models/BadmintonCompetitionRespVO.swift /Users/ghw/workspace/CompoApp/CompoApp/models/UserInfo.swift /Users/ghw/workspace/CompoApp/CompoApp/models/UserModel.swift /Users/ghw/workspace/CompoApp/CompoApp/models/WyBadmintonScheduleProgramModel.swift /Users/ghw/workspace/CompoApp/CompoApp/models/WyFileCreateModel.swift /Users/ghw/workspace/CompoApp/CompoApp/models/WyFilePresignedUrlModel.swift /Users/ghw/workspace/CompoApp/CompoApp/models/WyRefereeBatchUpdateScoreRequest.swift /Users/ghw/workspace/CompoApp/CompoApp/models/WyRefereeMatchForfeitRequest.swift /Users/ghw/workspace/CompoApp/CompoApp/models/WyRefereeMatchScoreDetailModel.swift /Users/ghw/workspace/CompoApp/CompoApp/models/WyRefereeScoreAdjustDetailRequest.swift /Users/ghw/workspace/CompoApp/CompoApp/models/WyRefereeScoreAdjustModel.swift /Users/ghw/workspace/CompoApp/CompoApp/models/WyRefereeScoreAdjustRequest.swift /Users/ghw/workspace/CompoApp/CompoApp/models/WyRefereeSignatureRequest.swift /Users/ghw/workspace/CompoApp/CompoApp/models/WyRefereeWarmupUpdateRequest.swift /Users/ghw/workspace/CompoApp/CompoApp/modules/base/BaseListVm.swift /Users/ghw/workspace/CompoApp/CompoApp/modules/base/BaseVm.swift /Users/ghw/workspace/CompoApp/CompoApp/modules/home/ContentVm.swift /Users/ghw/workspace/CompoApp/CompoApp/modules/login/LoginVm.swift /Users/ghw/workspace/CompoApp/CompoApp/network/APIConfig.swift /Users/ghw/workspace/CompoApp/CompoApp/network/APIManager.swift /Users/ghw/workspace/CompoApp/CompoApp/network/APIManagerTestView.swift /Users/ghw/workspace/CompoApp/CompoApp/network/AuthInterceptor.swift /Users/ghw/workspace/CompoApp/CompoApp/network/BaseModel.swift /Users/ghw/workspace/CompoApp/CompoApp/network/UploadAPI.swift /Users/ghw/workspace/CompoApp/CompoApp/network/UserAPI.swift /Users/ghw/workspace/CompoApp/CompoApp/network/WyBadmintonRefereeAPI.swift /Users/ghw/workspace/CompoApp/CompoApp/routes/AppRoutes.swift /Users/ghw/workspace/CompoApp/CompoApp/utils/ColorUtil.swift /Users/ghw/workspace/CompoApp/CompoApp/utils/NumUtil.swift /Users/ghw/workspace/CompoApp/CompoApp/utils/ScreenInfo.swift /Users/ghw/workspace/CompoApp/CompoApp/utils/SpUtil.swift /Users/ghw/workspace/CompoApp/CompoApp/utils/ViewUtil.swift /Users/ghw/workspace/CompoApp/CompoApp/views/home/GameOnGoingListView.swift /Users/ghw/workspace/CompoApp/CompoApp/views/login/LoginView.swift /Users/ghw/workspace/CompoApp/CompoApp/views/match/alert/BgAlertActions.swift /Users/ghw/workspace/CompoApp/CompoApp/views/match/alert/ConfirmBeginMatchPopUpView.swift /Users/ghw/workspace/CompoApp/CompoApp/views/match/alert/ConfirmEndMatchPopUpView.swift /Users/ghw/workspace/CompoApp/CompoApp/views/match/alert/CourtChangeExampleView.swift /Users/ghw/workspace/CompoApp/CompoApp/views/match/alert/CourtChangePopupView.swift /Users/ghw/workspace/CompoApp/CompoApp/views/match/alert/DoubleMatchResultEntryView.swift /Users/ghw/workspace/CompoApp/CompoApp/views/match/alert/MatchEventLogPopupView.swift /Users/ghw/workspace/CompoApp/CompoApp/views/match/alert/MatchResultPopupWrapper.swift /Users/ghw/workspace/CompoApp/CompoApp/views/match/alert/MessageNotificationExampleView.swift /Users/ghw/workspace/CompoApp/CompoApp/views/match/alert/MessageNotificationPopupView.swift /Users/ghw/workspace/CompoApp/CompoApp/views/match/alert/SingleMatchResultEntryView.swift /Users/ghw/workspace/CompoApp/CompoApp/views/match/alert/WarmupTimerExampleView.swift /Users/ghw/workspace/CompoApp/CompoApp/views/match/alert/WarmupTimerPopupView.swift /Users/ghw/workspace/CompoApp/CompoApp/views/match/viewmodel/GameDetailHomeVm.swift /Users/ghw/workspace/CompoApp/CompoApp/views/match/MatchCardActionsView.swift /Users/ghw/workspace/CompoApp/CompoApp/views/match/MatchCardViews.swift /Users/ghw/workspace/CompoApp/CompoApp/views/match/MatchDetailHomeView.swift /Users/ghw/workspace/CompoApp/CompoApp/views/match/MatchScoringConfirmView.swift /Users/ghw/workspace/CompoApp/CompoApp/views/match/MatchScoringStore.swift /Users/ghw/workspace/CompoApp/CompoApp/views/match/MatchScoringView.swift /Users/ghw/workspace/CompoApp/CompoApp/views/match/MatchSignatureView.swift /Users/ghw/workspace/CompoApp/CompoApp/views/match/MatchSignatureVm.swift /Users/ghw/workspace/CompoApp/CompoApp/views/other/AvatarViews.swift /Users/ghw/workspace/CompoApp/CompoApp/views/other/MyAssetImage.swift /Users/ghw/workspace/CompoApp/CompoApp/views/other/MyBtns.swift /Users/ghw/workspace/CompoApp/CompoApp/views/other/MyNetImage.swift /Users/ghw/workspace/CompoApp/CompoApp/views/other/PullToRefreshUtil.swift /Users/ghw/workspace/CompoApp/CompoApp/views/other/ScoreCenterView.swift /Users/ghw/workspace/CompoApp/CompoApp/views/other/ScreenRotationExampleView.swift /Users/ghw/workspace/CompoApp/CompoApp/views/other/UIConfig.swift /Users/ghw/workspace/CompoApp/CompoApp/views/other/ViewWidget.swift /Users/ghw/workspace/CompoApp/CompoApp/views/topbar/HomeHeaderView.swift /Users/ghw/workspace/CompoApp/CompoApp/views/topbar/HomeTopBar.swift /Users/ghw/workspace/CompoApp/CompoApp/AppDelegate.swift /Users/ghw/workspace/CompoApp/CompoApp/CompoAppApp.swift /Users/ghw/workspace/CompoApp/CompoApp/ContentView.swift /Users/ghw/workspace/CompoApp/CompoApp/GlobalImports.swift /Users/ghw/workspace/CompoApp/CompoApp/RootView.swift /Users/ghw/Library/Developer/Xcode/DerivedData/CompoApp-fjlsagmxnlsxqlembsqtbpqhzfgw/Build/Intermediates.noindex/CompoApp.build/Debug-iphonesimulator/CompoApp.build/DerivedSources/GeneratedAssetSymbols.swift -target arm64-apple-ios16.1-simulator -module-can-import-version DeveloperToolsSupport 23.40.26 23.40.26 -module-can-import-version SwiftUI 7.4.27.1 7.4.27 -module-can-import-version UIKit 9126.4.27.1 9126.4.27 -load-resolved-plugin /Applications/Xcode.app/Contents/Developer/Platforms/iPhoneOS.platform/Developer/usr/lib/swift/host/plugins/libFoundationMacros.dylib\#/Applications/Xcode.app/Contents/Developer/Platforms/iPhoneOS.platform/Developer/usr/bin/swift-plugin-server\#FoundationMacros -load-resolved-plugin /Applications/Xcode.app/Contents/Developer/Platforms/iPhoneOS.platform/Developer/usr/lib/swift/host/plugins/libObservationMacros.dylib\#/Applications/Xcode.app/Contents/Developer/Platforms/iPhoneOS.platform/Developer/usr/bin/swift-plugin-server\#ObservationMacros -load-resolved-plugin /Applications/Xcode.app/Contents/Developer/Platforms/iPhoneOS.platform/Developer/usr/lib/swift/host/plugins/libPreviewsMacros.dylib\#/Applications/Xcode.app/Contents/Developer/Platforms/iPhoneOS.platform/Developer/usr/bin/swift-plugin-server\#PreviewsMacros -load-resolved-plugin /Applications/Xcode.app/Contents/Developer/Platforms/iPhoneOS.platform/Developer/usr/lib/swift/host/plugins/libSwiftMacros.dylib\#/Applications/Xcode.app/Contents/Developer/Platforms/iPhoneOS.platform/Developer/usr/bin/swift-plugin-server\#SwiftMacros -load-resolved-plugin /Applications/Xcode.app/Contents/Developer/Platforms/iPhoneOS.platform/Developer/usr/lib/swift/host/plugins/libSwiftUIMacros.dylib\#/Applications/Xcode.app/Contents/Developer/Platforms/iPhoneOS.platform/Developer/usr/bin/swift-plugin-server\#SwiftUIMacros -disable-implicit-swift-modules -Xcc -fno-implicit-modules -Xcc -fno-implicit-module-maps -explicit-swift-module-map-file /Users/ghw/Library/Developer/Xcode/DerivedData/CompoApp-fjlsagmxnlsxqlembsqtbpqhzfgw/Build/Intermediates.noindex/CompoApp.build/Debug-iphonesimulator/CompoApp.build/Objects-normal/arm64/CompoApp-dependencies-1.json -Xllvm -aarch64-use-tbi -enable-objc-interop -sdk /Applications/Xcode.app/Contents/Developer/Platforms/iPhoneSimulator.platform/Developer/SDKs/iPhoneSimulator26.4.sdk -I /Users/ghw/Library/Developer/Xcode/DerivedData/CompoApp-fjlsagmxnlsxqlembsqtbpqhzfgw/Build/Products/Debug-iphonesimulator -F /Users/ghw/Library/Developer/Xcode/DerivedData/CompoApp-fjlsagmxnlsxqlembsqtbpqhzfgw/Build/Products/Debug-iphonesimulator/PackageFrameworks -F /Users/ghw/Library/Developer/Xcode/DerivedData/CompoApp-fjlsagmxnlsxqlembsqtbpqhzfgw/Build/Products/Debug-iphonesimulator/PackageFrameworks -F /Users/ghw/Library/Developer/Xcode/DerivedData/CompoApp-fjlsagmxnlsxqlembsqtbpqhzfgw/Build/Products/Debug-iphonesimulator -F /Users/ghw/Library/Developer/Xcode/DerivedData/CompoApp-fjlsagmxnlsxqlembsqtbpqhzfgw/Build/Products/Debug-iphonesimulator/Alamofire -F /Users/ghw/Library/Developer/Xcode/DerivedData/CompoApp-fjlsagmxnlsxqlembsqtbpqhzfgw/Build/Products/Debug-iphonesimulator/CleanJSON -F /Users/ghw/Library/Developer/Xcode/DerivedData/CompoApp-fjlsagmxnlsxqlembsqtbpqhzfgw/Build/Products/Debug-iphonesimulator/RxAlamofire -F /Users/ghw/Library/Developer/Xcode/DerivedData/CompoApp-fjlsagmxnlsxqlembsqtbpqhzfgw/Build/Products/Debug-iphonesimulator/RxCocoa -F /Users/ghw/Library/Developer/Xcode/DerivedData/CompoApp-fjlsagmxnlsxqlembsqtbpqhzfgw/Build/Products/Debug-iphonesimulator/RxRelay -F /Users/ghw/Library/Developer/Xcode/DerivedData/CompoApp-fjlsagmxnlsxqlembsqtbpqhzfgw/Build/Products/Debug-iphonesimulator/RxSwift -F /Users/ghw/Library/Developer/Xcode/DerivedData/CompoApp-fjlsagmxnlsxqlembsqtbpqhzfgw/Build/Products/Debug-iphonesimulator/SVProgressHUD -no-color-diagnostics -Xcc -fno-color-diagnostics -enable-testing -g -debug-info-format\=dwarf -dwarf-version\=4 -module-cache-path /Users/ghw/Library/Developer/Xcode/DerivedData/CompoApp-fjlsagmxnlsxqlembsqtbpqhzfgw/Build/Intermediates.noindex/SwiftExplicitPrecompiledModules -profile-generate -profile-coverage-mapping -swift-version 5 -Onone -D DEBUG -D COCOAPODS -serialize-debugging-options -const-gather-protocols-file /Users/ghw/Library/Developer/Xcode/DerivedData/CompoApp-fjlsagmxnlsxqlembsqtbpqhzfgw/Build/Intermediates.noindex/CompoApp.build/Debug-iphonesimulator/CompoApp.build/Objects-normal/arm64/CompoApp_const_extract_protocols.json -enable-upcoming-feature DisableOutwardActorInference -enable-upcoming-feature InferSendableFromCaptures -enable-upcoming-feature GlobalActorIsolatedTypesUsability -enable-upcoming-feature MemberImportVisibility -enable-upcoming-feature InferIsolatedConformances -enable-upcoming-feature NonisolatedNonsendingByDefault -enable-experimental-feature DebugDescriptionMacro -enable-bare-slash-regex -default-isolation\=MainActor -empty-abi-descriptor -validate-clang-modules-once -clang-build-session-file /Users/ghw/Library/Developer/Xcode/DerivedData/ModuleCache.noindex/Session.modulevalidation -Xcc -working-directory -Xcc /Users/ghw/workspace/CompoApp -enable-anonymous-context-mangled-names -file-compilation-dir /Users/ghw/workspace/CompoApp -Xcc -D_LIBCPP_HARDENING_MODE\=_LIBCPP_HARDENING_MODE_DEBUG -Xcc -ivfsstatcache -Xcc /Users/ghw/Library/Developer/Xcode/DerivedData/SDKStatCaches.noindex/iphonesimulator26.4-23E237-686eebb5dc1d8ecb277353a59184f4aa.sdkstatcache -Xcc -I/Users/ghw/Library/Developer/Xcode/DerivedData/CompoApp-fjlsagmxnlsxqlembsqtbpqhzfgw/Build/Intermediates.noindex/CompoApp.build/Debug-iphonesimulator/CompoApp.build/swift-overrides.hmap -Xcc -iquote -Xcc /Users/ghw/Library/Developer/Xcode/DerivedData/CompoApp-fjlsagmxnlsxqlembsqtbpqhzfgw/Build/Intermediates.noindex/CompoApp.build/Debug-iphonesimulator/CompoApp.build/CompoApp-generated-files.hmap -Xcc -I/Users/ghw/Library/Developer/Xcode/DerivedData/CompoApp-fjlsagmxnlsxqlembsqtbpqhzfgw/Build/Intermediates.noindex/CompoApp.build/Debug-iphonesimulator/CompoApp.build/CompoApp-own-target-headers.hmap -Xcc -I/Users/ghw/Library/Developer/Xcode/DerivedData/CompoApp-fjlsagmxnlsxqlembsqtbpqhzfgw/Build/Intermediates.noindex/CompoApp.build/Debug-iphonesimulator/CompoApp.build/CompoApp-all-non-framework-target-headers.hmap -Xcc -ivfsoverlay -Xcc /Users/ghw/Library/Developer/Xcode/DerivedData/CompoApp-fjlsagmxnlsxqlembsqtbpqhzfgw/Build/Intermediates.noindex/CompoApp.build/Debug-iphonesimulator/CompoApp-34ba441826d6f9ca071c39c767afbd41-VFS-iphonesimulator/all-product-headers.yaml -Xcc -iquote -Xcc /Users/ghw/Library/Developer/Xcode/DerivedData/CompoApp-fjlsagmxnlsxqlembsqtbpqhzfgw/Build/Intermediates.noindex/CompoApp.build/Debug-iphonesimulator/CompoApp.build/CompoApp-project-headers.hmap -Xcc -I/Users/ghw/Library/Developer/Xcode/DerivedData/CompoApp-fjlsagmxnlsxqlembsqtbpqhzfgw/Build/Products/Debug-iphonesimulator/include -Xcc -I/Users/ghw/Library/Developer/Xcode/DerivedData/CompoApp-fjlsagmxnlsxqlembsqtbpqhzfgw/Build/Products/Debug-iphonesimulator/Alamofire/Alamofire.framework/Headers -Xcc -I/Users/ghw/Library/Developer/Xcode/DerivedData/CompoApp-fjlsagmxnlsxqlembsqtbpqhzfgw/Build/Products/Debug-iphonesimulator/CleanJSON/CleanJSON.framework/Headers -Xcc -I/Users/ghw/Library/Developer/Xcode/DerivedData/CompoApp-fjlsagmxnlsxqlembsqtbpqhzfgw/Build/Products/Debug-iphonesimulator/RxAlamofire/RxAlamofire.framework/Headers -Xcc -I/Users/ghw/Library/Developer/Xcode/DerivedData/CompoApp-fjlsagmxnlsxqlembsqtbpqhzfgw/Build/Products/Debug-iphonesimulator/RxCocoa/RxCocoa.framework/Headers -Xcc -I/Users/ghw/Library/Developer/Xcode/DerivedData/CompoApp-fjlsagmxnlsxqlembsqtbpqhzfgw/Build/Products/Debug-iphonesimulator/RxRelay/RxRelay.framework/Headers -Xcc -I/Users/ghw/Library/Developer/Xcode/DerivedData/CompoApp-fjlsagmxnlsxqlembsqtbpqhzfgw/Build/Products/Debug-iphonesimulator/RxSwift/RxSwift.framework/Headers -Xcc -I/Users/ghw/Library/Developer/Xcode/DerivedData/CompoApp-fjlsagmxnlsxqlembsqtbpqhzfgw/Build/Products/Debug-iphonesimulator/SVProgressHUD/SVProgressHUD.framework/Headers -Xcc -I/Users/ghw/Library/Developer/Xcode/DerivedData/CompoApp-fjlsagmxnlsxqlembsqtbpqhzfgw/Build/Intermediates.noindex/CompoApp.build/Debug-iphonesimulator/CompoApp.build/DerivedSources-normal/arm64 -Xcc -I/Users/ghw/Library/Developer/Xcode/DerivedData/CompoApp-fjlsagmxnlsxqlembsqtbpqhzfgw/Build/Intermediates.noindex/CompoApp.build/Debug-iphonesimulator/CompoApp.build/DerivedSources/arm64 -Xcc -I/Users/ghw/Library/Developer/Xcode/DerivedData/CompoApp-fjlsagmxnlsxqlembsqtbpqhzfgw/Build/Intermediates.noindex/CompoApp.build/Debug-iphonesimulator/CompoApp.build/DerivedSources -Xcc -DDEBUG\=1 -Xcc -DCOCOAPODS\=1 -no-auto-bridging-header-chaining -module-name CompoApp -frontend-parseable-output -disable-clang-spi -clang-target arm64-apple-ios26.4-simulator -target-sdk-version 26.4 -target-sdk-name iphonesimulator26.4 -in-process-plugin-server-path /Applications/Xcode.app/Contents/Developer/Toolchains/XcodeDefault.xctoolchain/usr/lib/swift/host/libSwiftInProcPluginServer.dylib -emit-module-doc-path /Users/ghw/Library/Developer/Xcode/DerivedData/CompoApp-fjlsagmxnlsxqlembsqtbpqhzfgw/Build/Intermediates.noindex/CompoApp.build/Debug-iphonesimulator/CompoApp.build/Objects-normal/arm64/CompoApp.swiftdoc -emit-module-source-info-path /Users/ghw/Library/Developer/Xcode/DerivedData/CompoApp-fjlsagmxnlsxqlembsqtbpqhzfgw/Build/Intermediates.noindex/CompoApp.build/Debug-iphonesimulator/CompoApp.build/Objects-normal/arm64/CompoApp.swiftsourceinfo -emit-objc-header-path /Users/ghw/Library/Developer/Xcode/DerivedData/CompoApp-fjlsagmxnlsxqlembsqtbpqhzfgw/Build/Intermediates.noindex/CompoApp.build/Debug-iphonesimulator/CompoApp.build/Objects-normal/arm64/CompoApp-Swift.h -serialize-diagnostics-path /Users/ghw/Library/Developer/Xcode/DerivedData/CompoApp-fjlsagmxnlsxqlembsqtbpqhzfgw/Build/Intermediates.noindex/CompoApp.build/Debug-iphonesimulator/CompoApp.build/Objects-normal/arm64/CompoApp-primary-emit-module.dia -emit-dependencies-path /Users/ghw/Library/Developer/Xcode/DerivedData/CompoApp-fjlsagmxnlsxqlembsqtbpqhzfgw/Build/Intermediates.noindex/CompoApp.build/Debug-iphonesimulator/CompoApp.build/Objects-normal/arm64/CompoApp-primary-emit-module.d -o /Users/ghw/Library/Developer/Xcode/DerivedData/CompoApp-fjlsagmxnlsxqlembsqtbpqhzfgw/Build/Intermediates.noindex/CompoApp.build/Debug-iphonesimulator/CompoApp.build/Objects-normal/arm64/CompoApp.swiftmodule -emit-abi-descriptor-path /Users/ghw/Library/Developer/Xcode/DerivedData/CompoApp-fjlsagmxnlsxqlembsqtbpqhzfgw/Build/Intermediates.noindex/CompoApp.build/Debug-iphonesimulator/CompoApp.build/Objects-normal/arm64/CompoApp.abi.json

EmitSwiftModule normal arm64 (in target 'CompoApp' from project 'CompoApp')
    cd /Users/ghw/workspace/CompoApp
    
/Users/ghw/workspace/CompoApp/CompoApp/network/APIManagerTestView.swift:205:23: warning: cannot explicitly specialize instance method 'request(_:method:params:headers:requestEncoding:showHUD:isShowLogicInfo:)'
    APIManager.shared.request<EmptyData>(
                      ^
/Users/ghw/workspace/CompoApp/CompoApp/network/APIManager.swift:71:8: note: 'request(_:method:params:headers:requestEncoding:showHUD:isShowLogicInfo:)' declared here
  func request<T: Codable>(
       ^
/Users/ghw/workspace/CompoApp/CompoApp/views/match/alert/ConfirmBeginMatchPopUpView.swift:48:6: warning: previewInterfaceOrientation is ignored in a #Preview macro. Use the `traits` argument of the macro to provide the desired orientation, e.g. `.landscapeLeft`. (from macro 'Preview')
    .previewInterfaceOrientation(.landscapeLeft)
     ^
/Users/ghw/workspace/CompoApp/CompoApp/views/match/alert/ConfirmEndMatchPopUpView.swift:53:6: warning: previewInterfaceOrientation is ignored in a #Preview macro. Use the `traits` argument of the macro to provide the desired orientation, e.g. `.landscapeLeft`. (from macro 'Preview')
    .previewInterfaceOrientation(.landscapeLeft)
     ^
/Users/ghw/workspace/CompoApp/CompoApp/views/match/alert/CourtChangeExampleView.swift:48:10: warning: previewInterfaceOrientation is ignored in a #Preview macro. Use the `traits` argument of the macro to provide the desired orientation, e.g. `.landscapeLeft`. (from macro 'Preview')
        .previewInterfaceOrientation(.landscapeLeft)
         ^
/Users/ghw/workspace/CompoApp/CompoApp/views/match/alert/CourtChangePopupView.swift:111:10: warning: previewInterfaceOrientation is ignored in a #Preview macro. Use the `traits` argument of the macro to provide the desired orientation, e.g. `.landscapeLeft`. (from macro 'Preview')
        .previewInterfaceOrientation(.landscapeLeft)
         ^
/Users/ghw/workspace/CompoApp/CompoApp/views/match/alert/DoubleMatchResultEntryView.swift:319:4: warning: previewInterfaceOrientation is ignored in a #Preview macro. Use the `traits` argument of the macro to provide the desired orientation, e.g. `.landscapeLeft`. (from macro 'Preview')
  .previewInterfaceOrientation(.landscapeLeft)
   ^
/Users/ghw/workspace/CompoApp/CompoApp/views/match/alert/MatchEventLogPopupView.swift:305:4: warning: previewInterfaceOrientation is ignored in a #Preview macro. Use the `traits` argument of the macro to provide the desired orientation, e.g. `.landscapeLeft`. (from macro 'Preview')
  .previewInterfaceOrientation(.landscapeLeft)
   ^
/Users/ghw/workspace/CompoApp/CompoApp/views/match/alert/MessageNotificationExampleView.swift:47:10: warning: previewInterfaceOrientation is ignored in a #Preview macro. Use the `traits` argument of the macro to provide the desired orientation, e.g. `.landscapeLeft`. (from macro 'Preview')
        .previewInterfaceOrientation(.landscapeLeft)
         ^
/Users/ghw/workspace/CompoApp/CompoApp/views/match/alert/MessageNotificationPopupView.swift:179:10: warning: previewInterfaceOrientation is ignored in a #Preview macro. Use the `traits` argument of the macro to provide the desired orientation, e.g. `.landscapeLeft`. (from macro 'Preview')
        .previewInterfaceOrientation(.landscapeLeft)
         ^
/Users/ghw/workspace/CompoApp/CompoApp/views/match/alert/SingleMatchResultEntryView.swift:265:4: warning: previewInterfaceOrientation is ignored in a #Preview macro. Use the `traits` argument of the macro to provide the desired orientation, e.g. `.landscapeLeft`. (from macro 'Preview')
  .previewInterfaceOrientation(.landscapeLeft)
   ^

SwiftDriverJobDiscovery normal arm64 Emitting module for CompoApp (in target 'CompoApp' from project 'CompoApp')

SwiftDriver\ Compilation\ Requirements CompoApp normal arm64 com.apple.xcode.tools.swift.compiler (in target 'CompoApp' from project 'CompoApp')
    cd /Users/ghw/workspace/CompoApp
    builtin-Swift-Compilation-Requirements -- /Applications/Xcode.app/Contents/Developer/Toolchains/XcodeDefault.xctoolchain/usr/bin/swiftc -module-name CompoApp -Onone @/Users/ghw/Library/Developer/Xcode/DerivedData/CompoApp-fjlsagmxnlsxqlembsqtbpqhzfgw/Build/Intermediates.noindex/CompoApp.build/Debug-iphonesimulator/CompoApp.build/Objects-normal/arm64/CompoApp.SwiftFileList -DDEBUG -D COCOAPODS -default-isolation\=MainActor -enable-bare-slash-regex -enable-upcoming-feature DisableOutwardActorInference -enable-upcoming-feature InferSendableFromCaptures -enable-upcoming-feature GlobalActorIsolatedTypesUsability -enable-upcoming-feature MemberImportVisibility -enable-upcoming-feature InferIsolatedConformances -enable-upcoming-feature NonisolatedNonsendingByDefault -enable-experimental-feature DebugDescriptionMacro -sdk /Applications/Xcode.app/Contents/Developer/Platforms/iPhoneSimulator.platform/Developer/SDKs/iPhoneSimulator26.4.sdk -target arm64-apple-ios16.1-simulator -g -module-cache-path /Users/ghw/Library/Developer/Xcode/DerivedData/ModuleCache.noindex -Xfrontend -serialize-debugging-options -profile-coverage-mapping -profile-generate -enable-testing -index-store-path /Users/ghw/Library/Developer/Xcode/DerivedData/CompoApp-fjlsagmxnlsxqlembsqtbpqhzfgw/Index.noindex/DataStore -Xcc -D_LIBCPP_HARDENING_MODE\=_LIBCPP_HARDENING_MODE_DEBUG -swift-version 5 -I /Users/ghw/Library/Developer/Xcode/DerivedData/CompoApp-fjlsagmxnlsxqlembsqtbpqhzfgw/Build/Products/Debug-iphonesimulator -F /Users/ghw/Library/Developer/Xcode/DerivedData/CompoApp-fjlsagmxnlsxqlembsqtbpqhzfgw/Build/Products/Debug-iphonesimulator/PackageFrameworks -F /Users/ghw/Library/Developer/Xcode/DerivedData/CompoApp-fjlsagmxnlsxqlembsqtbpqhzfgw/Build/Products/Debug-iphonesimulator/PackageFrameworks -F /Users/ghw/Library/Developer/Xcode/DerivedData/CompoApp-fjlsagmxnlsxqlembsqtbpqhzfgw/Build/Products/Debug-iphonesimulator -F /Users/ghw/Library/Developer/Xcode/DerivedData/CompoApp-fjlsagmxnlsxqlembsqtbpqhzfgw/Build/Products/Debug-iphonesimulator/Alamofire -F /Users/ghw/Library/Developer/Xcode/DerivedData/CompoApp-fjlsagmxnlsxqlembsqtbpqhzfgw/Build/Products/Debug-iphonesimulator/CleanJSON -F /Users/ghw/Library/Developer/Xcode/DerivedData/CompoApp-fjlsagmxnlsxqlembsqtbpqhzfgw/Build/Products/Debug-iphonesimulator/RxAlamofire -F /Users/ghw/Library/Developer/Xcode/DerivedData/CompoApp-fjlsagmxnlsxqlembsqtbpqhzfgw/Build/Products/Debug-iphonesimulator/RxCocoa -F /Users/ghw/Library/Developer/Xcode/DerivedData/CompoApp-fjlsagmxnlsxqlembsqtbpqhzfgw/Build/Products/Debug-iphonesimulator/RxRelay -F /Users/ghw/Library/Developer/Xcode/DerivedData/CompoApp-fjlsagmxnlsxqlembsqtbpqhzfgw/Build/Products/Debug-iphonesimulator/RxSwift -F /Users/ghw/Library/Developer/Xcode/DerivedData/CompoApp-fjlsagmxnlsxqlembsqtbpqhzfgw/Build/Products/Debug-iphonesimulator/SVProgressHUD -emit-localized-strings -emit-localized-strings-path /Users/ghw/Library/Developer/Xcode/DerivedData/CompoApp-fjlsagmxnlsxqlembsqtbpqhzfgw/Build/Intermediates.noindex/CompoApp.build/Debug-iphonesimulator/CompoApp.build/Objects-normal/arm64 -c -j10 -enable-batch-mode -incremental -Xcc -ivfsstatcache -Xcc /Users/ghw/Library/Developer/Xcode/DerivedData/SDKStatCaches.noindex/iphonesimulator26.4-23E237-686eebb5dc1d8ecb277353a59184f4aa.sdkstatcache -output-file-map /Users/ghw/Library/Developer/Xcode/DerivedData/CompoApp-fjlsagmxnlsxqlembsqtbpqhzfgw/Build/Intermediates.noindex/CompoApp.build/Debug-iphonesimulator/CompoApp.build/Objects-normal/arm64/CompoApp-OutputFileMap.json -use-frontend-parseable-output -save-temps -no-color-diagnostics -explicit-module-build -module-cache-path /Users/ghw/Library/Developer/Xcode/DerivedData/CompoApp-fjlsagmxnlsxqlembsqtbpqhzfgw/Build/Intermediates.noindex/SwiftExplicitPrecompiledModules -clang-scanner-module-cache-path /Users/ghw/Library/Developer/Xcode/DerivedData/ModuleCache.noindex -sdk-module-cache-path /Users/ghw/Library/Developer/Xcode/DerivedData/ModuleCache.noindex -serialize-diagnostics -emit-dependencies -emit-module -emit-module-path /Users/ghw/Library/Developer/Xcode/DerivedData/CompoApp-fjlsagmxnlsxqlembsqtbpqhzfgw/Build/Intermediates.noindex/CompoApp.build/Debug-iphonesimulator/CompoApp.build/Objects-normal/arm64/CompoApp.swiftmodule -validate-clang-modules-once -clang-build-session-file /Users/ghw/Library/Developer/Xcode/DerivedData/ModuleCache.noindex/Session.modulevalidation -Xcc -I/Users/ghw/Library/Developer/Xcode/DerivedData/CompoApp-fjlsagmxnlsxqlembsqtbpqhzfgw/Build/Intermediates.noindex/CompoApp.build/Debug-iphonesimulator/CompoApp.build/swift-overrides.hmap -emit-const-values -Xfrontend -const-gather-protocols-file -Xfrontend /Users/ghw/Library/Developer/Xcode/DerivedData/CompoApp-fjlsagmxnlsxqlembsqtbpqhzfgw/Build/Intermediates.noindex/CompoApp.build/Debug-iphonesimulator/CompoApp.build/Objects-normal/arm64/CompoApp_const_extract_protocols.json -Xcc -iquote -Xcc /Users/ghw/Library/Developer/Xcode/DerivedData/CompoApp-fjlsagmxnlsxqlembsqtbpqhzfgw/Build/Intermediates.noindex/CompoApp.build/Debug-iphonesimulator/CompoApp.build/CompoApp-generated-files.hmap -Xcc -I/Users/ghw/Library/Developer/Xcode/DerivedData/CompoApp-fjlsagmxnlsxqlembsqtbpqhzfgw/Build/Intermediates.noindex/CompoApp.build/Debug-iphonesimulator/CompoApp.build/CompoApp-own-target-headers.hmap -Xcc -I/Users/ghw/Library/Developer/Xcode/DerivedData/CompoApp-fjlsagmxnlsxqlembsqtbpqhzfgw/Build/Intermediates.noindex/CompoApp.build/Debug-iphonesimulator/CompoApp.build/CompoApp-all-non-framework-target-headers.hmap -Xcc -ivfsoverlay -Xcc /Users/ghw/Library/Developer/Xcode/DerivedData/CompoApp-fjlsagmxnlsxqlembsqtbpqhzfgw/Build/Intermediates.noindex/CompoApp.build/Debug-iphonesimulator/CompoApp-34ba441826d6f9ca071c39c767afbd41-VFS-iphonesimulator/all-product-headers.yaml -Xcc -iquote -Xcc /Users/ghw/Library/Developer/Xcode/DerivedData/CompoApp-fjlsagmxnlsxqlembsqtbpqhzfgw/Build/Intermediates.noindex/CompoApp.build/Debug-iphonesimulator/CompoApp.build/CompoApp-project-headers.hmap -Xcc -I/Users/ghw/Library/Developer/Xcode/DerivedData/CompoApp-fjlsagmxnlsxqlembsqtbpqhzfgw/Build/Products/Debug-iphonesimulator/include -Xcc -I/Users/ghw/Library/Developer/Xcode/DerivedData/CompoApp-fjlsagmxnlsxqlembsqtbpqhzfgw/Build/Products/Debug-iphonesimulator/Alamofire/Alamofire.framework/Headers -Xcc -I/Users/ghw/Library/Developer/Xcode/DerivedData/CompoApp-fjlsagmxnlsxqlembsqtbpqhzfgw/Build/Products/Debug-iphonesimulator/CleanJSON/CleanJSON.framework/Headers -Xcc -I/Users/ghw/Library/Developer/Xcode/DerivedData/CompoApp-fjlsagmxnlsxqlembsqtbpqhzfgw/Build/Products/Debug-iphonesimulator/RxAlamofire/RxAlamofire.framework/Headers -Xcc -I/Users/ghw/Library/Developer/Xcode/DerivedData/CompoApp-fjlsagmxnlsxqlembsqtbpqhzfgw/Build/Products/Debug-iphonesimulator/RxCocoa/RxCocoa.framework/Headers -Xcc -I/Users/ghw/Library/Developer/Xcode/DerivedData/CompoApp-fjlsagmxnlsxqlembsqtbpqhzfgw/Build/Products/Debug-iphonesimulator/RxRelay/RxRelay.framework/Headers -Xcc -I/Users/ghw/Library/Developer/Xcode/DerivedData/CompoApp-fjlsagmxnlsxqlembsqtbpqhzfgw/Build/Products/Debug-iphonesimulator/RxSwift/RxSwift.framework/Headers -Xcc -I/Users/ghw/Library/Developer/Xcode/DerivedData/CompoApp-fjlsagmxnlsxqlembsqtbpqhzfgw/Build/Products/Debug-iphonesimulator/SVProgressHUD/SVProgressHUD.framework/Headers -Xcc -I/Users/ghw/Library/Developer/Xcode/DerivedData/CompoApp-fjlsagmxnlsxqlembsqtbpqhzfgw/Build/Intermediates.noindex/CompoApp.build/Debug-iphonesimulator/CompoApp.build/DerivedSources-normal/arm64 -Xcc -I/Users/ghw/Library/Developer/Xcode/DerivedData/CompoApp-fjlsagmxnlsxqlembsqtbpqhzfgw/Build/Intermediates.noindex/CompoApp.build/Debug-iphonesimulator/CompoApp.build/DerivedSources/arm64 -Xcc -I/Users/ghw/Library/Developer/Xcode/DerivedData/CompoApp-fjlsagmxnlsxqlembsqtbpqhzfgw/Build/Intermediates.noindex/CompoApp.build/Debug-iphonesimulator/CompoApp.build/DerivedSources -Xcc -DDEBUG\=1 -Xcc -DCOCOAPODS\=1 -emit-objc-header -emit-objc-header-path /Users/ghw/Library/Developer/Xcode/DerivedData/CompoApp-fjlsagmxnlsxqlembsqtbpqhzfgw/Build/Intermediates.noindex/CompoApp.build/Debug-iphonesimulator/CompoApp.build/Objects-normal/arm64/CompoApp-Swift.h -working-directory /Users/ghw/workspace/CompoApp -experimental-emit-module-separately -disable-cmo

Copy /Users/ghw/Library/Developer/Xcode/DerivedData/CompoApp-fjlsagmxnlsxqlembsqtbpqhzfgw/Build/Products/Debug-iphonesimulator/CompoApp.swiftmodule/arm64-apple-ios-simulator.swiftmodule /Users/ghw/Library/Developer/Xcode/DerivedData/CompoApp-fjlsagmxnlsxqlembsqtbpqhzfgw/Build/Intermediates.noindex/CompoApp.build/Debug-iphonesimulator/CompoApp.build/Objects-normal/arm64/CompoApp.swiftmodule (in target 'CompoApp' from project 'CompoApp')
    cd /Users/ghw/workspace/CompoApp
    builtin-copy -exclude .DS_Store -exclude CVS -exclude .svn -exclude .git -exclude .hg -resolve-src-symlinks -rename /Users/ghw/Library/Developer/Xcode/DerivedData/CompoApp-fjlsagmxnlsxqlembsqtbpqhzfgw/Build/Intermediates.noindex/CompoApp.build/Debug-iphonesimulator/CompoApp.build/Objects-normal/arm64/CompoApp.swiftmodule /Users/ghw/Library/Developer/Xcode/DerivedData/CompoApp-fjlsagmxnlsxqlembsqtbpqhzfgw/Build/Products/Debug-iphonesimulator/CompoApp.swiftmodule/arm64-apple-ios-simulator.swiftmodule

Copy /Users/ghw/Library/Developer/Xcode/DerivedData/CompoApp-fjlsagmxnlsxqlembsqtbpqhzfgw/Build/Products/Debug-iphonesimulator/CompoApp.swiftmodule/arm64-apple-ios-simulator.abi.json /Users/ghw/Library/Developer/Xcode/DerivedData/CompoApp-fjlsagmxnlsxqlembsqtbpqhzfgw/Build/Intermediates.noindex/CompoApp.build/Debug-iphonesimulator/CompoApp.build/Objects-normal/arm64/CompoApp.abi.json (in target 'CompoApp' from project 'CompoApp')
    cd /Users/ghw/workspace/CompoApp
    builtin-copy -exclude .DS_Store -exclude CVS -exclude .svn -exclude .git -exclude .hg -resolve-src-symlinks -rename /Users/ghw/Library/Developer/Xcode/DerivedData/CompoApp-fjlsagmxnlsxqlembsqtbpqhzfgw/Build/Intermediates.noindex/CompoApp.build/Debug-iphonesimulator/CompoApp.build/Objects-normal/arm64/CompoApp.abi.json /Users/ghw/Library/Developer/Xcode/DerivedData/CompoApp-fjlsagmxnlsxqlembsqtbpqhzfgw/Build/Products/Debug-iphonesimulator/CompoApp.swiftmodule/arm64-apple-ios-simulator.abi.json

Copy /Users/ghw/Library/Developer/Xcode/DerivedData/CompoApp-fjlsagmxnlsxqlembsqtbpqhzfgw/Build/Products/Debug-iphonesimulator/CompoApp.swiftmodule/Project/arm64-apple-ios-simulator.swiftsourceinfo /Users/ghw/Library/Developer/Xcode/DerivedData/CompoApp-fjlsagmxnlsxqlembsqtbpqhzfgw/Build/Intermediates.noindex/CompoApp.build/Debug-iphonesimulator/CompoApp.build/Objects-normal/arm64/CompoApp.swiftsourceinfo (in target 'CompoApp' from project 'CompoApp')
    cd /Users/ghw/workspace/CompoApp
    builtin-copy -exclude .DS_Store -exclude CVS -exclude .svn -exclude .git -exclude .hg -resolve-src-symlinks -rename /Users/ghw/Library/Developer/Xcode/DerivedData/CompoApp-fjlsagmxnlsxqlembsqtbpqhzfgw/Build/Intermediates.noindex/CompoApp.build/Debug-iphonesimulator/CompoApp.build/Objects-normal/arm64/CompoApp.swiftsourceinfo /Users/ghw/Library/Developer/Xcode/DerivedData/CompoApp-fjlsagmxnlsxqlembsqtbpqhzfgw/Build/Products/Debug-iphonesimulator/CompoApp.swiftmodule/Project/arm64-apple-ios-simulator.swiftsourceinfo

/Users/ghw/workspace/CompoApp/Pods/Pods.xcodeproj: warning: The iOS Simulator deployment target 'IPHONEOS_DEPLOYMENT_TARGET' is set to 9.0, but the range of supported deployment target versions is 12.0 to 26.4.99. (in target 'RxSwift-RxSwift_Privacy' from project 'Pods')
/Users/ghw/workspace/CompoApp/Pods/Pods.xcodeproj: warning: The iOS Simulator deployment target 'IPHONEOS_DEPLOYMENT_TARGET' is set to 9.0, but the range of supported deployment target versions is 12.0 to 26.4.99. (in target 'CleanJSON' from project 'Pods')
/Users/ghw/workspace/CompoApp/Pods/Pods.xcodeproj: warning: The iOS Simulator deployment target 'IPHONEOS_DEPLOYMENT_TARGET' is set to 10.0, but the range of supported deployment target versions is 12.0 to 26.4.99. (in target 'Alamofire-Alamofire' from project 'Pods')
/Users/ghw/workspace/CompoApp/Pods/Pods.xcodeproj: warning: The iOS Simulator deployment target 'IPHONEOS_DEPLOYMENT_TARGET' is set to 9.0, but the range of supported deployment target versions is 12.0 to 26.4.99. (in target 'RxSwift' from project 'Pods')
/Users/ghw/workspace/CompoApp/Pods/Pods.xcodeproj: warning: The iOS Simulator deployment target 'IPHONEOS_DEPLOYMENT_TARGET' is set to 10.0, but the range of supported deployment target versions is 12.0 to 26.4.99. (in target 'Alamofire' from project 'Pods')
/Users/ghw/workspace/CompoApp/Pods/Pods.xcodeproj: warning: The iOS Simulator deployment target 'IPHONEOS_DEPLOYMENT_TARGET' is set to 10.0, but the range of supported deployment target versions is 12.0 to 26.4.99. (in target 'RxAlamofire' from project 'Pods')
** BUILD FAILED **


The following build commands failed:
	SwiftCompile normal arm64 /Users/ghw/workspace/CompoApp/CompoApp/views/match/MatchScoringView.swift (in target 'CompoApp' from project 'CompoApp')
	SwiftCompile normal arm64 Compiling\ MatchScoringView.swift /Users/ghw/workspace/CompoApp/CompoApp/views/match/MatchScoringView.swift (in target 'CompoApp' from project 'CompoApp')
	Building workspace CompoApp with scheme CompoApp
(3 failures)
